<html>
<body>
<pre>
<h1>µVision Build Log</h1>
<h2>Tool Versions:</h2>
IDE-Version: ¦ÌVision V5.15
Copyright (C) 2015 ARM Ltd and ARM Germany GmbH. All rights reserved.
License Information: ofo ofo, ofo, LIC=RC912-98ZBS-FVE1N-YV136-NZ0PI-02W5Q
 
Tool Versions:
Toolchain:       MDK-ARM Standard  Version: 5.15.0
Toolchain Path:  C:\Keil_v5\ARM\ARMCC\Bin
C Compiler:      Armcc.exe V5.05 update 2 (build 169)
Assembler:       Armasm.exe V5.05 update 2 (build 169)
Linker/Locator:  ArmLink.exe V5.05 update 2 (build 169)
Library Manager: ArmAr.exe V5.05 update 2 (build 169)
Hex Converter:   FromElf.exe V5.05 update 2 (build 169)
CPU DLL:         SARMCM3.DLL V5.15.0
Dialog DLL:      DARMCM1.DLL V1.12.0.0
Target DLL:      Segger\JL2CM3.dll V2.99.15.0
Dialog DLL:      TARMCM1.DLL V1.9.0.0
 
<h2>Project:</h2>
D:\mygit\mysecondcount-master\OUTPUT\OFO_Overseas_Project.uvprojx
Project File Date:  03/31/2017

<h2>Output:</h2>
*** Using Compiler 'V5.05 update 2 (build 169)', folder: 'C:\Keil_v5\ARM\ARMCC\Bin'
Build target 'OFO_Overseas_Project'
compiling main.c...
compiling ofo_led.c...
compiling ofo_adc.c...
compiling ofo_wdt.c...
compiling ofo_uart.c...
compiling ofo_flash.c...
compiling ofo_buzz.c...
compiling ofo_date.c...
compiling ofo_lock.c...
compiling ofo_lis3dh.c...
compiling ofo_ble_unlock.c...
compiling ofo_key_unlock.c...
compiling ofo_factory_test.c...
assembling arm_startup_nrf51.s...
compiling system_nrf51.c...
compiling ble_advdata.c...
compiling ble_advertising.c...
compiling ble_conn_params.c...
compiling ble_nus.c...
compiling ble_srv_common.c...
compiling nrf_adc.c...
compiling nrf_delay.c...
compiling nrf_drv_common.c...
compiling nrf_drv_gpiote.c...
compiling nrf_drv_spi.c...
compiling nrf_drv_uart.c...
compiling nrf_drv_wdt.c...
compiling pstorage.c...
compiling twi_hw_master.c...
compiling app_error.c...
compiling app_fifo.c...
compiling app_scheduler.c...
compiling app_timer.c...
compiling app_trace.c...
compiling nrf_assert.c...
compiling retarget.c...
compiling app_uart_fifo.c...
compiling softdevice_handler.c...
linking...
Program Size: Code=23036 RO-data=488 RW-data=280 ZI-data=6240  
FromELF: creating hex file...
".\Objects\OFO_Overseas_Project.axf" - 0 Error(s), 0 Warning(s).

<h2>Software Packages used:</h2>

Package Vendor: ARM
                http://www.keil.com/pack/ARM.CMSIS.4.5.0.pack
                ARM::CMSIS:CORE:4.3.0
                CMSIS (Cortex Microcontroller Software Interface Standard)
   * Component: CORE Version: 4.3.0

<h2>Collection of Component include folders:</h2>
  D:\mygit\mysecondcount-master\OUTPUT\RTE
  C:\Keil_v5\ARM\PACK\ARM\CMSIS\4.5.0\CMSIS\Include
  C:\Keil_v5\ARM\PACK\NordicSemiconductor\nRF_DeviceFamilyPack\8.11.1\Device\Include

<h2>Collection of Component Files used:</h2>

   * Component: ARM::CMSIS:CORE:4.3.0
</pre>
</body>
</html>
