Component: ARM Compiler 5.05 update 2 (build 169) Tool: armlink [4d0f33]

==============================================================================

Section Cross References

    main.o(i.advertising_init) refers to rt_memclr.o(.text) for __aeabi_memclr4
    main.o(i.advertising_init) refers to ble_advertising.o(i.ble_advertising_init) for ble_advertising_init
    main.o(i.advertising_init) refers to app_error.o(i.app_error_handler) for app_error_handler
    main.o(i.advertising_init) refers to main.o(.data) for m_adv_uuids
    main.o(i.advertising_init) refers to main.o(i.on_adv_evt) for on_adv_evt
    main.o(i.assert_nrf_callback) refers to app_error.o(i.app_error_handler) for app_error_handler
    main.o(i.ble_evt_dispatch) refers to ble_conn_params.o(i.ble_conn_params_on_ble_evt) for ble_conn_params_on_ble_evt
    main.o(i.ble_evt_dispatch) refers to ble_nus.o(i.ble_nus_on_ble_evt) for ble_nus_on_ble_evt
    main.o(i.ble_evt_dispatch) refers to main.o(i.on_ble_evt) for on_ble_evt
    main.o(i.ble_evt_dispatch) refers to ble_advertising.o(i.ble_advertising_on_ble_evt) for ble_advertising_on_ble_evt
    main.o(i.ble_evt_dispatch) refers to main.o(.bss) for m_nus
    main.o(i.ble_stack_init) refers to softdevice_handler.o(i.softdevice_handler_init) for softdevice_handler_init
    main.o(i.ble_stack_init) refers to app_error.o(i.app_error_handler) for app_error_handler
    main.o(i.ble_stack_init) refers to softdevice_handler.o(i.softdevice_ble_evt_handler_set) for softdevice_ble_evt_handler_set
    main.o(i.ble_stack_init) refers to softdevice_handler.o(i.softdevice_sys_evt_handler_set) for softdevice_sys_evt_handler_set
    main.o(i.ble_stack_init) refers to main.o(.bss) for EVT_BUFFER
    main.o(i.ble_stack_init) refers to main.o(i.ble_evt_dispatch) for ble_evt_dispatch
    main.o(i.ble_stack_init) refers to main.o(i.sys_evt_dispatch) for sys_evt_dispatch
    main.o(i.conn_params_error_handler) refers to app_error.o(i.app_error_handler) for app_error_handler
    main.o(i.conn_params_init) refers to rt_memclr.o(.text) for __aeabi_memclr4
    main.o(i.conn_params_init) refers to ble_conn_params.o(i.ble_conn_params_init) for ble_conn_params_init
    main.o(i.conn_params_init) refers to app_error.o(i.app_error_handler) for app_error_handler
    main.o(i.conn_params_init) refers to main.o(i.on_conn_params_evt) for on_conn_params_evt
    main.o(i.conn_params_init) refers to main.o(i.conn_params_error_handler) for conn_params_error_handler
    main.o(i.gap_params_init) refers to app_error.o(i.app_error_handler) for app_error_handler
    main.o(i.gpio_init) refers to main.o(i.nrf_gpio_cfg_output) for nrf_gpio_cfg_output
    main.o(i.gpio_init) refers to main.o(i.nrf_gpio_cfg_input) for nrf_gpio_cfg_input
    main.o(i.main) refers to main.o(i.timer_init) for timer_init
    main.o(i.main) refers to main.o(i.gpio_init) for gpio_init
    main.o(i.main) refers to ofo_uart.o(i.uart_init) for uart_init
    main.o(i.main) refers to ofo_adc.o(i.adc_config) for adc_config
    main.o(i.main) refers to ofo_buzz.o(i.Buzz_init) for Buzz_init
    main.o(i.main) refers to ofo_flash.o(i.flash_init) for flash_init
    main.o(i.main) refers to ofo_wdt.o(i.wdt_init) for wdt_init
    main.o(i.main) refers to ofo_led.o(i.LED_flash_init) for LED_flash_init
    main.o(i.main) refers to ofo_key_unlock.o(i.key_unlock_init) for key_unlock_init
    main.o(i.main) refers to ofo_lock.o(i.lock_set_init) for lock_set_init
    main.o(i.main) refers to main.o(i.ble_stack_init) for ble_stack_init
    main.o(i.main) refers to main.o(i.gap_params_init) for gap_params_init
    main.o(i.main) refers to main.o(i.services_init) for services_init
    main.o(i.main) refers to main.o(i.advertising_init) for advertising_init
    main.o(i.main) refers to main.o(i.conn_params_init) for conn_params_init
    main.o(i.main) refers to ble_advertising.o(i.ble_advertising_start) for ble_advertising_start
    main.o(i.main) refers to app_error.o(i.app_error_handler) for app_error_handler
    main.o(i.main) refers to main.o(i.power_manage) for power_manage
    main.o(i.nrf_gpio_cfg_input) refers to main.o(i.nrf_gpio_cfg) for nrf_gpio_cfg
    main.o(i.nrf_gpio_cfg_output) refers to main.o(i.nrf_gpio_cfg) for nrf_gpio_cfg
    main.o(i.nus_data_handler) refers to _printf_percent.o(.ARM.Collect$$_printf_percent$$00000000) for _printf_percent
    main.o(i.nus_data_handler) refers to _printf_x.o(.ARM.Collect$$_printf_percent$$0000000C) for _printf_x
    main.o(i.nus_data_handler) refers to _printf_hex_int.o(.text) for _printf_longlong_hex
    main.o(i.nus_data_handler) refers to noretval__2printf.o(.text) for __2printf
    main.o(i.on_adv_evt) refers to main.o(i.sleep_mode_enter) for sleep_mode_enter
    main.o(i.on_ble_evt) refers to app_error.o(i.app_error_handler) for app_error_handler
    main.o(i.on_ble_evt) refers to main.o(.data) for m_conn_handle
    main.o(i.on_conn_params_evt) refers to app_error.o(i.app_error_handler) for app_error_handler
[...]
    i.timer_timeouts_check                   0x0001d360   Section        0  app_timer.o(i.timer_timeouts_check)
    timer_timeouts_check                     0x0001d361   Thumb Code   128  app_timer.o(i.timer_timeouts_check)
    i.timer_timeouts_check_sched             0x0001d3f4   Section        0  app_timer.o(i.timer_timeouts_check_sched)
    timer_timeouts_check_sched               0x0001d3f5   Thumb Code    10  app_timer.o(i.timer_timeouts_check_sched)
    i.tk_value_encode                        0x0001d3fe   Section        0  ble_advdata.o(i.tk_value_encode)
    tk_value_encode                          0x0001d3ff   Thumb Code    70  ble_advdata.o(i.tk_value_encode)
    i.transfer_byte                          0x0001d444   Section        0  nrf_drv_spi.o(i.transfer_byte)
    transfer_byte                            0x0001d445   Thumb Code   110  nrf_drv_spi.o(i.transfer_byte)
    i.tx_byte                                0x0001d4b4   Section        0  nrf_drv_uart.o(i.tx_byte)
    tx_byte                                  0x0001d4b5   Thumb Code    48  nrf_drv_uart.o(i.tx_byte)
    i.tx_char_add                            0x0001d4ec   Section        0  ble_nus.o(i.tx_char_add)
    tx_char_add                              0x0001d4ed   Thumb Code   222  ble_nus.o(i.tx_char_add)
    i.tx_done_event                          0x0001d5cc   Section        0  nrf_drv_uart.o(i.tx_done_event)
    tx_done_event                            0x0001d5cd   Thumb Code    38  nrf_drv_uart.o(i.tx_done_event)
    i.tx_power_level_encode                  0x0001d5f8   Section        0  ble_advdata.o(i.tx_power_level_encode)
    tx_power_level_encode                    0x0001d5f9   Thumb Code    54  ble_advdata.o(i.tx_power_level_encode)
    i.uart_event_handle                      0x0001d630   Section        0  ofo_uart.o(i.uart_event_handle)
    i.uart_event_handler                     0x0001d6e0   Section        0  app_uart_fifo.o(i.uart_event_handler)
    uart_event_handler                       0x0001d6e1   Thumb Code   170  app_uart_fifo.o(i.uart_event_handler)
    i.uart_init                              0x0001d7a0   Section        0  ofo_uart.o(i.uart_init)
    i.uint16_encode                          0x0001d818   Section        0  ble_advdata.o(i.uint16_encode)
    uint16_encode                            0x0001d819   Thumb Code    18  ble_advdata.o(i.uint16_encode)
    i.update_operation_execute               0x0001d82a   Section        0  pstorage.o(i.update_operation_execute)
    update_operation_execute                 0x0001d82b   Thumb Code     8  pstorage.o(i.update_operation_execute)
    i.update_timeout_handler                 0x0001d834   Section        0  ble_conn_params.o(i.update_timeout_handler)
    update_timeout_handler                   0x0001d835   Thumb Code   136  ble_conn_params.o(i.update_timeout_handler)
    i.user_id_get                            0x0001d8d0   Section        0  app_timer.o(i.user_id_get)
    user_id_get                              0x0001d8d1   Thumb Code    34  app_timer.o(i.user_id_get)
    i.user_op_alloc                          0x0001d8f2   Section        0  app_timer.o(i.user_op_alloc)
    user_op_alloc                            0x0001d8f3   Thumb Code    46  app_timer.o(i.user_op_alloc)
    i.user_op_enque                          0x0001d920   Section        0  app_timer.o(i.user_op_enque)
    user_op_enque                            0x0001d921   Thumb Code     4  app_timer.o(i.user_op_enque)
    i.uuid_list_encode                       0x0001d924   Section        0  ble_advdata.o(i.uuid_list_encode)
    uuid_list_encode                         0x0001d925   Thumb Code    68  ble_advdata.o(i.uuid_list_encode)
    i.uuid_list_sized_encode                 0x0001d968   Section        0  ble_advdata.o(i.uuid_list_sized_encode)
    uuid_list_sized_encode                   0x0001d969   Thumb Code   216  ble_advdata.o(i.uuid_list_sized_encode)
    i.wdt_event_handler                      0x0001da40   Section        0  ofo_wdt.o(i.wdt_event_handler)
    i.wdt_init                               0x0001da44   Section        0  ofo_wdt.o(i.wdt_init)
    i.whitelist_has_entries                  0x0001daa4   Section        0  ble_advertising.o(i.whitelist_has_entries)
    whitelist_has_entries                    0x0001daa5   Thumb Code    22  ble_advertising.o(i.whitelist_has_entries)
    x$fpl$usenofp                            0x0001daba   Section        0  usenofp.o(x$fpl$usenofp)
    .constdata                               0x0001dabc   Section       15  ofo_led.o(.constdata)
    LED_timer_id                             0x0001dabc   Data           4  ofo_led.o(.constdata)
    .constdata                               0x0001dacc   Section        8  ofo_adc.o(.constdata)
    .constdata                               0x0001dad4   Section       12  ofo_uart.o(.constdata)
    .constdata                               0x0001dae0   Section       16  ofo_buzz.o(.constdata)
    Buzz_timer_id                            0x0001daec   Data           4  ofo_buzz.o(.constdata)
    .constdata                               0x0001daf0   Section       12  ofo_lock.o(.constdata)
    Lock_timer_id                            0x0001daf0   Data           4  ofo_lock.o(.constdata)
    .constdata                               0x0001dafc   Section       24  ofo_key_unlock.o(.constdata)
    Key_unlock_timer_id                      0x0001dafc   Data           4  ofo_key_unlock.o(.constdata)
    .constdata                               0x0001db14   Section        4  ble_conn_params.o(.constdata)
    m_conn_params_timer_id                   0x0001db14   Data           4  ble_conn_params.o(.constdata)
    .constdata                               0x0001db18   Section       16  ble_nus.o(.constdata)
    .constdata                               0x0001db28   Section       32  nrf_drv_uart.o(.constdata)
    m_default_config                         0x0001db28   Data          32  nrf_drv_uart.o(.constdata)
    .constdata                               0x0001db48   Section       12  nrf_drv_wdt.o(.constdata)
    m_default_config                         0x0001db48   Data          12  nrf_drv_wdt.o(.constdata)
    .constdata                               0x0001db54   Section       40  pstorage.o(.constdata)
    swap_sub_state_sm_lut                    0x0001db54   Data          20  pstorage.o(.constdata)
    swap_sub_state_sm_lut                    0x0001db68   Data          20  pstorage.o(.constdata)
    .constdata                               0x0001db7c   Section       32  app_uart_fifo.o(.constdata)
    .constdata                               0x0001db9c   Section       40  _printf_hex_int.o(.constdata)
    uc_hextab                                0x0001db9c   Data          20  _printf_hex_int.o(.constdata)
    lc_hextab                                0x0001dbb0   Data          20  _printf_hex_int.o(.constdata)
    .data                                    0x20002000   Section       12  main.o(.data)
    m_adv_uuids                              0x20002002   Data           4  main.o(.data)
    .data                                    0x2000200c   Section        8  ofo_led.o(.data)
    current_flash_loop                       0x20002010   Data           4  ofo_led.o(.data)
    .data                                    0x20002014   Section        4  ofo_adc.o(.data)
    .data                                    0x20002018   Section        1  ofo_wdt.o(.data)
    .data                                    0x20002019   Section        2  ofo_uart.o(.data)
    index                                    0x2000201a   Data           1  ofo_uart.o(.data)
    .data                                    0x2000201c   Section       20  ofo_flash.o(.data)
    .data                                    0x20002030   Section        4  ofo_buzz.o(.data)
    .data                                    0x20002034   Section        8  ofo_lock.o(.data)
    LockTimeSt                               0x20002034   Data           1  ofo_lock.o(.data)
    LockTimeTimes                            0x20002036   Data           2  ofo_lock.o(.data)
    .data                                    0x2000203c   Section       28  ofo_key_unlock.o(.data)
    KeyTimeOutErr                            0x2000203c   Data           4  ofo_key_unlock.o(.data)
    KeyTimeOut                               0x20002040   Data           4  ofo_key_unlock.o(.data)
    KeyReadBuf                               0x20002044   Data           4  ofo_key_unlock.o(.data)
    KeyIndex                                 0x20002048   Data           1  ofo_key_unlock.o(.data)
    password_err                             0x20002049   Data           1  ofo_key_unlock.o(.data)
    .data                                    0x20002058   Section        3  ofo_factory_test.o(.data)
    .data                                    0x2000205c   Section        4  system_nrf51.o(.data)
    __tagsym$$used                           0x2000205c   Number         0  system_nrf51.o(.data)
    .data                                    0x20002060   Section       32  ble_advertising.o(.data)
    m_advertising_start_pending              0x20002060   Data           1  ble_advertising.o(.data)
    m_peer_address                           0x20002061   Data           7  ble_advertising.o(.data)
    m_adv_evt                                0x20002068   Data           1  ble_advertising.o(.data)
    m_evt_handler                            0x2000206c   Data           4  ble_advertising.o(.data)
    m_error_handler                          0x20002070   Data           4  ble_advertising.o(.data)
    m_adv_mode_current                       0x20002074   Data           1  ble_advertising.o(.data)
    m_whitelist_temporarily_disabled         0x20002075   Data           1  ble_advertising.o(.data)
    m_whitelist_reply_expected               0x20002076   Data           1  ble_advertising.o(.data)
    m_peer_addr_reply_expected               0x20002077   Data           1  ble_advertising.o(.data)
    m_slave_conn_int                         0x20002078   Data           4  ble_advertising.o(.data)
    m_tx_power_level                         0x2000207c   Data           1  ble_advertising.o(.data)
    current_slave_link_conn_handle           0x2000207e   Data           2  ble_advertising.o(.data)
    .data                                    0x20002080   Section       21  ble_conn_params.o(.data)
    m_preferred_conn_params                  0x20002080   Data           8  ble_conn_params.o(.data)
    m_update_count                           0x20002088   Data           1  ble_conn_params.o(.data)
    m_conn_handle                            0x2000208a   Data           2  ble_conn_params.o(.data)
    m_current_conn_params                    0x2000208c   Data           8  ble_conn_params.o(.data)
    m_change_param                           0x20002094   Data           1  ble_conn_params.o(.data)
    .data                                    0x20002098   Section       12  nrf_drv_wdt.o(.data)
    m_wdt_event_handler                      0x20002098   Data           4  nrf_drv_wdt.o(.data)
    m_state                                  0x2000209c   Data           1  nrf_drv_wdt.o(.data)
    m_alloc_index                            0x200020a0   Data           4  nrf_drv_wdt.o(.data)
    .data                                    0x200020a4   Section       40  pstorage.o(.data)
    m_next_app_instance                      0x200020a4   Data           2  pstorage.o(.data)
    m_next_page_addr                         0x200020a8   Data           4  pstorage.o(.data)
    m_state                                  0x200020ac   Data           1  pstorage.o(.data)
    m_swap_sub_state                         0x200020ad   Data           1  pstorage.o(.data)
    m_head_word_size                         0x200020b0   Data           4  pstorage.o(.data)
    m_tail_word_size                         0x200020b4   Data           4  pstorage.o(.data)
    m_current_page_id                        0x200020b8   Data           4  pstorage.o(.data)
    m_num_of_command_retries                 0x200020bc   Data           4  pstorage.o(.data)
    m_num_of_bytes_written                   0x200020c0   Data           4  pstorage.o(.data)
    m_app_data_size                          0x200020c4   Data           4  pstorage.o(.data)
    m_flags                                  0x200020c8   Data           4  pstorage.o(.data)
    .data                                    0x200020cc   Section       34  app_timer.o(.data)
    m_user_array_size                        0x200020cc   Data           1  app_timer.o(.data)
    mp_users                                 0x200020d0   Data           4  app_timer.o(.data)
    mp_timer_id_head                         0x200020d4   Data           4  app_timer.o(.data)
    m_ticks_latest                           0x200020d8   Data           4  app_timer.o(.data)
    m_ticks_elapsed                          0x200020dc   Data           8  app_timer.o(.data)
    m_ticks_elapsed_q_read_ind               0x200020e4   Data           1  app_timer.o(.data)
    m_ticks_elapsed_q_write_ind              0x200020e5   Data           1  app_timer.o(.data)
    m_evt_schedule_func                      0x200020e8   Data           4  app_timer.o(.data)
    m_rtc1_running                           0x200020ec   Data           1  app_timer.o(.data)
    m_rtc1_reset                             0x200020ed   Data           1  app_timer.o(.data)
    .data                                    0x200020f0   Section        8  retarget.o(.data)
    .data                                    0x200020f8   Section        7  app_uart_fifo.o(.data)
    m_event_handler                          0x200020f8   Data           4  app_uart_fifo.o(.data)
    tx_buffer                                0x200020fc   Data           1  app_uart_fifo.o(.data)
    tx_tmp                                   0x200020fd   Data           1  app_uart_fifo.o(.data)
    rx_buffer                                0x200020fe   Data           1  app_uart_fifo.o(.data)
    .data                                    0x20002100   Section       24  softdevice_handler.o(.data)
    m_evt_schedule_func                      0x20002100   Data           4  softdevice_handler.o(.data)
    m_softdevice_enabled                     0x20002104   Data           1  softdevice_handler.o(.data)
    mp_ble_evt_buffer                        0x20002108   Data           4  softdevice_handler.o(.data)
    m_ble_evt_buffer_size                    0x2000210c   Data           2  softdevice_handler.o(.data)
    m_ble_evt_handler                        0x20002110   Data           4  softdevice_handler.o(.data)
    m_sys_evt_handler                        0x20002114   Data           4  softdevice_handler.o(.data)
    .bss                                     0x20002118   Section      700  main.o(.bss)
    APP_TIMER_BUF                            0x20002134   Data         600  main.o(.bss)
    EVT_BUFFER                               0x2000238c   Data          72  main.o(.bss)
    .bss                                     0x200023d4   Section       32  ofo_led.o(.bss)
    LED_timer_id_data                        0x200023d4   Data          32  ofo_led.o(.bss)
    .bss                                     0x200023f4   Section      532  ofo_uart.o(.bss)
    data_array                               0x200023f4   Data          20  ofo_uart.o(.bss)
    rx_buf                                   0x20002408   Data         256  ofo_uart.o(.bss)
    tx_buf                                   0x20002508   Data         256  ofo_uart.o(.bss)
    .bss                                     0x20002608   Section       32  ofo_buzz.o(.bss)
    Buzz_timer_id_data                       0x20002608   Data          32  ofo_buzz.o(.bss)
    .bss                                     0x20002628   Section       32  ofo_lock.o(.bss)
    Lock_timer_id_data                       0x20002628   Data          32  ofo_lock.o(.bss)
    .bss                                     0x20002648   Section       32  ofo_key_unlock.o(.bss)
    Key_unlock_timer_id_data                 0x20002648   Data          32  ofo_key_unlock.o(.bss)
    .bss                                     0x20002668   Section      259  ble_advertising.o(.bss)
    m_advdata                                0x20002668   Data          56  ble_advertising.o(.bss)
    m_adv_modes_config                       0x200026a0   Data          36  ble_advertising.o(.bss)
    m_whitelist                              0x200026c4   Data          16  ble_advertising.o(.bss)
    mp_whitelist_addr                        0x200026d4   Data          32  ble_advertising.o(.bss)
    mp_whitelist_irk                         0x200026f4   Data          32  ble_advertising.o(.bss)
    m_manuf_specific_data                    0x20002714   Data          12  ble_advertising.o(.bss)
    m_manuf_data_array                       0x20002720   Data          31  ble_advertising.o(.bss)
    m_service_data                           0x20002740   Data          12  ble_advertising.o(.bss)
    m_service_data_array                     0x2000274c   Data          31  ble_advertising.o(.bss)
    .bss                                     0x2000276c   Section       60  ble_conn_params.o(.bss)
    m_conn_params_config                     0x2000276c   Data          28  ble_conn_params.o(.bss)
    m_conn_params_timer_id_data              0x20002788   Data          32  ble_conn_params.o(.bss)
    .bss                                     0x200027a8   Section       72  nrf_drv_gpiote.o(.bss)
    m_cb                                     0x200027a8   Data          72  nrf_drv_gpiote.o(.bss)
    .bss                                     0x200027f0   Section       24  nrf_drv_spi.o(.bss)
    m_cb                                     0x200027f0   Data          24  nrf_drv_spi.o(.bss)
    .bss                                     0x20002808   Section       24  nrf_drv_uart.o(.bss)
    m_cb                                     0x20002808   Data          24  nrf_drv_uart.o(.bss)
    .bss                                     0x20002820   Section      216  pstorage.o(.bss)
    m_cmd_queue                              0x20002820   Data         204  pstorage.o(.bss)
    m_app_table                              0x200028ec   Data          12  pstorage.o(.bss)
    .bss                                     0x200028f8   Section       32  app_uart_fifo.o(.bss)
    m_tx_fifo                                0x20002908   Data          16  app_uart_fifo.o(.bss)
    .bss                                     0x20002918   Section       96  libspace.o(.bss)
    HEAP                                     0x20002978   Section     2048  arm_startup_nrf51.o(HEAP)
    Heap_Mem                                 0x20002978   Data        2048  arm_startup_nrf51.o(HEAP)
    STACK                                    0x20003178   Section     2048  arm_startup_nrf51.o(STACK)
    Stack_Mem                                0x20003178   Data        2048  arm_startup_nrf51.o(STACK)
    __initial_sp                             0x20003978   Data           0  arm_startup_nrf51.o(STACK)

    Global Symbols

    Symbol Name                              Value     Ov Type        Size  Object(Section)

    BuildAttributes$$THM_ISAv3M$S$PE$A:L22$X:L11$S22$IEEE1$IW$USESV6$~STKCKD$USESV7$~SHL$OSPACE$ROPI$EBA8$UX$STANDARDLIB$REQ8$PRES8$EABIv2 0x00000000   Number         0  anon$$obj.o ABSOLUTE
    __ARM_use_no_argv                        0x00000000   Number         0  main.o ABSOLUTE
    __ARM_exceptions_init                     - Undefined Weak Reference
    __alloca_initialize                       - Undefined Weak Reference
    __arm_preinit_                            - Undefined Weak Reference
    __cpp_initialize__aeabi_                  - Undefined Weak Reference
    __cxa_finalize                            - Undefined Weak Reference
    __rt_locale                               - Undefined Weak Reference
    __sigvec_lookup                           - Undefined Weak Reference
    _atexit_init                              - Undefined Weak Reference
    _call_atexit_fns                          - Undefined Weak Reference
    _clock_init                               - Undefined Weak Reference
    _fp_trap_init                             - Undefined Weak Reference
    _fp_trap_shutdown                         - Undefined Weak Reference
    _get_lc_collate                           - Undefined Weak Reference
    _get_lc_ctype                             - Undefined Weak Reference
    _get_lc_monetary                          - Undefined Weak Reference
    _get_lc_numeric                           - Undefined Weak Reference
    _get_lc_time                              - Undefined Weak Reference
    _getenv_init                              - Undefined Weak Reference
    _handle_redirection                       - Undefined Weak Reference
    _init_alloc                               - Undefined Weak Reference
    _init_user_alloc                          - Undefined Weak Reference
    _initio                                   - Undefined Weak Reference
    _mutex_acquire                            - Undefined Weak Reference
    _mutex_release                            - Undefined Weak Reference
    _printf_mbtowc                            - Undefined Weak Reference
    _printf_post_padding                      - Undefined Weak Reference
    _printf_pre_padding                       - Undefined Weak Reference
    _printf_truncate_unsigned                 - Undefined Weak Reference
    _rand_init                                - Undefined Weak Reference
    _signal_finish                            - Undefined Weak Reference
    _signal_init                              - Undefined Weak Reference
    _terminate_alloc                          - Undefined Weak Reference
    _terminate_user_alloc                     - Undefined Weak Reference
    _terminateio                              - Undefined Weak Reference
    __Vectors_Size                           0x000000c0   Number         0  arm_startup_nrf51.o ABSOLUTE
    __Vectors                                0x00018000   Data           4  arm_startup_nrf51.o(RESET)
    __Vectors_End                            0x000180c0   Data           0  arm_startup_nrf51.o(RESET)
    __main                                   0x000180c1   Thumb Code     8  __main.o(!!!main)
    __scatterload                            0x000180c9   Thumb Code     0  __scatter.o(!!!scatter)
    __scatterload_rt2                        0x000180c9   Thumb Code    52  __scatter.o(!!!scatter)
    __scatterload_rt2_thumb_only             0x000180c9   Thumb Code     0  __scatter.o(!!!scatter)
    __scatterload_null                       0x000180d9   Thumb Code     0  __scatter.o(!!!scatter)
    __scatterload_copy                       0x00018105   Thumb Code    26  __scatter_copy.o(!!handler_copy)
    __scatterload_zeroinit                   0x00018121   Thumb Code    28  __scatter_zi.o(!!handler_zi)
    _printf_percent                          0x0001813d   Thumb Code     0  _printf_percent.o(.ARM.Collect$$_printf_percent$$00000000)
    _printf_x                                0x0001813f   Thumb Code     0  _printf_x.o(.ARM.Collect$$_printf_percent$$0000000C)
    _printf_percent_end                      0x00018149   Thumb Code     0  _printf_percent_end.o(.ARM.Collect$$_printf_percent$$00000017)
    __rt_lib_init                            0x0001814d   Thumb Code     0  libinit.o(.ARM.Collect$$libinit$$00000000)
    __rt_lib_init_alloca_1                   0x0001814f   Thumb Code     0  libinit2.o(.ARM.Collect$$libinit$$0000002E)
    __rt_lib_init_argv_1                     0x0001814f   Thumb Code     0  libinit2.o(.ARM.Collect$$libinit$$0000002C)
    __rt_lib_init_atexit_1                   0x0001814f   Thumb Code     0  libinit2.o(.ARM.Collect$$libinit$$0000001B)
    __rt_lib_init_clock_1                    0x0001814f   Thumb Code     0  libinit2.o(.ARM.Collect$$libinit$$00000021)
    __rt_lib_init_cpp_1                      0x0001814f   Thumb Code     0  libinit2.o(.ARM.Collect$$libinit$$00000032)
    __rt_lib_init_exceptions_1               0x0001814f   Thumb Code     0  libinit2.o(.ARM.Collect$$libinit$$00000030)
    __rt_lib_init_fp_1                       0x0001814f   Thumb Code     0  libinit2.o(.ARM.Collect$$libinit$$00000002)
    __rt_lib_init_fp_trap_1                  0x0001814f   Thumb Code     0  libinit2.o(.ARM.Collect$$libinit$$0000001F)
    __rt_lib_init_getenv_1                   0x0001814f   Thumb Code     0  libinit2.o(.ARM.Collect$$libinit$$00000023)
    __rt_lib_init_heap_1                     0x0001814f   Thumb Code     0  libinit2.o(.ARM.Collect$$libinit$$0000000A)
    __rt_lib_init_lc_collate_1               0x0001814f   Thumb Code     0  libinit2.o(.ARM.Collect$$libinit$$00000011)
    __rt_lib_init_lc_ctype_1                 0x0001814f   Thumb Code     0  libinit2.o(.ARM.Collect$$libinit$$00000013)
    __rt_lib_init_lc_monetary_1              0x0001814f   Thumb Code     0  libinit2.o(.ARM.Collect$$libinit$$00000015)
    __rt_lib_init_lc_numeric_1               0x0001814f   Thumb Code     0  libinit2.o(.ARM.Collect$$libinit$$00000017)
    __rt_lib_init_lc_time_1                  0x0001814f   Thumb Code     0  libinit2.o(.ARM.Collect$$libinit$$00000019)
    __rt_lib_init_preinit_1                  0x0001814f   Thumb Code     0  libinit2.o(.ARM.Collect$$libinit$$00000004)
    __rt_lib_init_rand_1                     0x0001814f   Thumb Code     0  libinit2.o(.ARM.Collect$$libinit$$0000000E)
    __rt_lib_init_return                     0x0001814f   Thumb Code     0  libinit2.o(.ARM.Collect$$libinit$$00000033)
    __rt_lib_init_signal_1                   0x0001814f   Thumb Code     0  libinit2.o(.ARM.Collect$$libinit$$0000001D)
    __rt_lib_init_stdio_1                    0x0001814f   Thumb Code     0  libinit2.o(.ARM.Collect$$libinit$$00000025)
    __rt_lib_init_user_alloc_1               0x0001814f   Thumb Code     0  libinit2.o(.ARM.Collect$$libinit$$0000000C)
    __rt_lib_shutdown                        0x00018151   Thumb Code     0  libshutdown.o(.ARM.Collect$$libshutdown$$00000000)
    __rt_lib_shutdown_fp_trap_1              0x00018153   Thumb Code     0  libshutdown2.o(.ARM.Collect$$libshutdown$$00000006)
    __rt_lib_shutdown_heap_1                 0x00018153   Thumb Code     0  libshutdown2.o(.ARM.Collect$$libshutdown$$0000000E)
    __rt_lib_shutdown_return                 0x00018153   Thumb Code     0  libshutdown2.o(.ARM.Collect$$libshutdown$$0000000F)
    __rt_lib_shutdown_signal_1               0x00018153   Thumb Code     0  libshutdown2.o(.ARM.Collect$$libshutdown$$00000009)
    __rt_lib_shutdown_stdio_1                0x00018153   Thumb Code     0  libshutdown2.o(.ARM.Collect$$libshutdown$$00000003)
    __rt_lib_shutdown_user_alloc_1           0x00018153   Thumb Code     0  libshutdown2.o(.ARM.Collect$$libshutdown$$0000000B)
    __rt_entry                               0x00018155   Thumb Code     0  __rtentry.o(.ARM.Collect$$rtentry$$00000000)
    __rt_entry_presh_1                       0x00018155   Thumb Code     0  __rtentry2.o(.ARM.Collect$$rtentry$$00000002)
    __rt_entry_sh                            0x00018155   Thumb Code     0  __rtentry4.o(.ARM.Collect$$rtentry$$00000004)
    __rt_entry_li                            0x0001815b   Thumb Code     0  __rtentry2.o(.ARM.Collect$$rtentry$$0000000A)
    __rt_entry_postsh_1                      0x0001815b   Thumb Code     0  __rtentry2.o(.ARM.Collect$$rtentry$$00000009)
    __rt_entry_main                          0x0001815f   Thumb Code     0  __rtentry2.o(.ARM.Collect$$rtentry$$0000000D)
    __rt_entry_postli_1                      0x0001815f   Thumb Code     0  __rtentry2.o(.ARM.Collect$$rtentry$$0000000C)
    __rt_exit                                0x00018167   Thumb Code     0  rtexit.o(.ARM.Collect$$rtexit$$00000000)
    __rt_exit_ls                             0x00018169   Thumb Code     0  rtexit2.o(.ARM.Collect$$rtexit$$00000003)
    __rt_exit_prels_1                        0x00018169   Thumb Code     0  rtexit2.o(.ARM.Collect$$rtexit$$00000002)
    __rt_exit_exit                           0x0001816d   Thumb Code     0  rtexit2.o(.ARM.Collect$$rtexit$$00000004)
    __asm___11_nrf_delay_c_532987f3__nrf_delay_us 0x00018175   Thumb Code    30  nrf_delay.o(.emb_text)
    __asm___11_app_timer_c_cd27f9c3__nrf_delay_us 0x00018195   Thumb Code    30  app_timer.o(.emb_text)
    __aeabi_memcpy4                          0x000181b5   Thumb Code    56  rt_memcpy.o(.emb_text)
    __aeabi_memcpy8                          0x000181b5   Thumb Code     0  rt_memcpy.o(.emb_text)
    Reset_Handler                            0x000181ed   Thumb Code    26  arm_startup_nrf51.o(.text)
    NMI_Handler                              0x00018207   Thumb Code     2  arm_startup_nrf51.o(.text)
    HardFault_Handler                        0x00018209   Thumb Code     2  arm_startup_nrf51.o(.text)
    SVC_Handler                              0x0001820b   Thumb Code     2  arm_startup_nrf51.o(.text)
    PendSV_Handler                           0x0001820d   Thumb Code     2  arm_startup_nrf51.o(.text)
    SysTick_Handler                          0x0001820f   Thumb Code     2  arm_startup_nrf51.o(.text)
    CCM_AAR_IRQHandler                       0x00018211   Thumb Code     0  arm_startup_nrf51.o(.text)
    ECB_IRQHandler                           0x00018211   Thumb Code     0  arm_startup_nrf51.o(.text)
    LPCOMP_IRQHandler                        0x00018211   Thumb Code     0  arm_startup_nrf51.o(.text)
    POWER_CLOCK_IRQHandler                   0x00018211   Thumb Code     0  arm_startup_nrf51.o(.text)
    QDEC_IRQHandler                          0x00018211   Thumb Code     0  arm_startup_nrf51.o(.text)
    RADIO_IRQHandler                         0x00018211   Thumb Code     0  arm_startup_nrf51.o(.text)
    RNG_IRQHandler                           0x00018211   Thumb Code     0  arm_startup_nrf51.o(.text)
    RTC0_IRQHandler                          0x00018211   Thumb Code     0  arm_startup_nrf51.o(.text)
    SPI1_TWI1_IRQHandler                     0x00018211   Thumb Code     0  arm_startup_nrf51.o(.text)
    SWI1_IRQHandler                          0x00018211   Thumb Code     0  arm_startup_nrf51.o(.text)
    SWI3_IRQHandler                          0x00018211   Thumb Code     0  arm_startup_nrf51.o(.text)
    SWI4_IRQHandler                          0x00018211   Thumb Code     0  arm_startup_nrf51.o(.text)
    SWI5_IRQHandler                          0x00018211   Thumb Code     0  arm_startup_nrf51.o(.text)
    TEMP_IRQHandler                          0x00018211   Thumb Code     0  arm_startup_nrf51.o(.text)
    TIMER0_IRQHandler                        0x00018211   Thumb Code     0  arm_startup_nrf51.o(.text)
    TIMER1_IRQHandler                        0x00018211   Thumb Code     0  arm_startup_nrf51.o(.text)
    TIMER2_IRQHandler                        0x00018211   Thumb Code     0  arm_startup_nrf51.o(.text)
    __user_initial_stackheap                 0x00018215   Thumb Code     0  arm_startup_nrf51.o(.text)
    __2printf                                0x00018241   Thumb Code    22  noretval__2printf.o(.text)
    __printf                                 0x0001825d   Thumb Code   108  __printf.o(.text)
    _printf_int_hex                          0x000182c9   Thumb Code    84  _printf_hex_int.o(.text)
    _printf_longlong_hex                     0x000182c9   Thumb Code     0  _printf_hex_int.o(.text)
    __aeabi_memcpy                           0x00018321   Thumb Code   130  rt_memcpy.o(.text)
    __rt_memcpy                              0x00018321   Thumb Code     0  rt_memcpy.o(.text)
    _memset_w                                0x000183a3   Thumb Code    26  rt_memclr.o(.text)
    _memset                                  0x000183bd   Thumb Code    30  rt_memclr.o(.text)
    __aeabi_memclr                           0x000183db   Thumb Code     4  rt_memclr.o(.text)
    __rt_memclr                              0x000183db   Thumb Code     0  rt_memclr.o(.text)
    __aeabi_memclr4                          0x000183df   Thumb Code     0  rt_memclr.o(.text)
    __aeabi_memclr8                          0x000183df   Thumb Code     0  rt_memclr.o(.text)
    __rt_memclr_w                            0x000183df   Thumb Code     4  rt_memclr.o(.text)
    strcmp                                   0x000183e5   Thumb Code   132  strcmp.o(.text)
    __aeabi_uidiv                            0x0001846d   Thumb Code     0  aeabi_sdiv.o(.text)
    __aeabi_uidivmod                         0x0001846d   Thumb Code    20  aeabi_sdiv.o(.text)
    __aeabi_idiv                             0x00018481   Thumb Code     0  aeabi_sdiv.o(.text)
    __aeabi_idivmod                          0x00018481   Thumb Code   326  aeabi_sdiv.o(.text)
    __use_two_region_memory                  0x000185c7   Thumb Code     2  heapauxi.o(.text)
    __rt_heap_escrow$2region                 0x000185c9   Thumb Code     2  heapauxi.o(.text)
    __rt_heap_expand$2region                 0x000185cb   Thumb Code     2  heapauxi.o(.text)
    __aeabi_d2iz                             0x000185cd   Thumb Code     0  dfixi.o(.text)
    _dfix                                    0x000185cd   Thumb Code    98  dfixi.o(.text)
    __aeabi_i2d_normalise                    0x00018639   Thumb Code    66  dflti.o(.text)
    __aeabi_i2d                              0x0001867b   Thumb Code    16  dflti.o(.text)
    _dflt                                    0x0001867b   Thumb Code     0  dflti.o(.text)
    __aeabi_ui2d                             0x0001868b   Thumb Code     6  dflti.o(.text)
    _dfltu                                   0x0001868b   Thumb Code     0  dflti.o(.text)
    __aeabi_dmul                             0x00018691   Thumb Code     0  dmul.o(.text)
    _dmul                                    0x00018691   Thumb Code   558  dmul.o(.text)
    _printf_int_common                       0x000188d9   Thumb Code   176  _printf_intcommon.o(.text)
    _printf_char_file                        0x00018989   Thumb Code    34  _printf_char_file.o(.text)
    _printf_char_common                      0x000189bb   Thumb Code    32  _printf_char_common.o(.text)
    ferror                                   0x000189e1   Thumb Code     8  ferror.o(.text)
    __user_setup_stackheap                   0x000189e9   Thumb Code    62  sys_stackheap_outer.o(.text)
    exit                                     0x00018a27   Thumb Code    12  exit.o(.text)
    __user_libspace                          0x00018a35   Thumb Code     8  libspace.o(.text)
    __user_perproc_libspace                  0x00018a35   Thumb Code     0  libspace.o(.text)
    __user_perthread_libspace                0x00018a35   Thumb Code     0  libspace.o(.text)
    _sys_exit                                0x00018a3d   Thumb Code     8  sys_exit.o(.text)
    __I$use$semihosting                      0x00018a49   Thumb Code     0  use_no_semi.o(.text)
    __use_no_semihosting_swi                 0x00018a49   Thumb Code     2  use_no_semi.o(.text)
    __semihosting_library_function           0x00018a4b   Thumb Code     0  indicate_semi.o(.text)
    ADC_IRQHandler                           0x00018a4d   Thumb Code    48  ofo_adc.o(i.ADC_IRQHandler)
    Buzz_init                                0x00018a8d   Thumb Code    50  ofo_buzz.o(i.Buzz_init)
    GPIOTE_IRQHandler                        0x00018ac9   Thumb Code   378  nrf_drv_gpiote.o(i.GPIOTE_IRQHandler)
    KeyCVoice                                0x00018c55   Thumb Code    14  ofo_buzz.o(i.KeyCVoice)
    KeyVoice                                 0x00018c69   Thumb Code    14  ofo_buzz.o(i.KeyVoice)
    LED_flash                                0x00018c7d   Thumb Code    32  ofo_led.o(i.LED_flash)
    LED_flash_init                           0x00018ca9   Thumb Code    40  ofo_led.o(i.LED_flash_init)
    OpenLockTime                             0x00018f31   Thumb Code    56  ofo_lock.o(i.OpenLockTime)
    PlayVoice                                0x00018f71   Thumb Code    90  ofo_buzz.o(i.PlayVoice)
    RTC1_IRQHandler                          0x00018fdd   Thumb Code    34  app_timer.o(i.RTC1_IRQHandler)
    SPI0_TWI0_IRQHandler                     0x00019005   Thumb Code    12  nrf_drv_spi.o(i.SPI0_TWI0_IRQHandler)
    SWI0_IRQHandler                          0x00019019   Thumb Code     8  app_timer.o(i.SWI0_IRQHandler)
    SWI2_IRQHandler                          0x00019021   Thumb Code    50  softdevice_handler.o(i.SWI2_IRQHandler)
    SystemInit                               0x00019059   Thumb Code    38  system_nrf51.o(i.SystemInit)
    UART0_IRQHandler                         0x00019091   Thumb Code   304  nrf_drv_uart.o(i.UART0_IRQHandler)
    VoicePasswordErr                         0x000191c9   Thumb Code    14  ofo_buzz.o(i.VoicePasswordErr)
    VoicePasswordOK                          0x000191dd   Thumb Code    14  ofo_buzz.o(i.VoicePasswordOK)
    WDT_IRQHandler                           0x000191f1   Thumb Code    46  nrf_drv_wdt.o(i.WDT_IRQHandler)
    __ARM_common_switch8                     0x0001922d   Thumb Code    28  ofo_led.o(i.__ARM_common_switch8)
    adc_config                               0x00019249   Thumb Code    94  ofo_adc.o(i.adc_config)
    adv_data_encode                          0x000192bd   Thumb Code   444  ble_advdata.o(i.adv_data_encode)
    app_error_handler                        0x00019549   Thumb Code    48  app_error.o(i.app_error_handler)
    app_fifo_flush                           0x00019581   Thumb Code    10  app_fifo.o(i.app_fifo_flush)
    app_fifo_get                             0x0001958b   Thumb Code    32  app_fifo.o(i.app_fifo_get)
    app_fifo_init                            0x000195ab   Thumb Code    42  app_fifo.o(i.app_fifo_init)
    app_fifo_put                             0x000195d5   Thumb Code    34  app_fifo.o(i.app_fifo_put)
    app_timer_create                         0x0001964d   Thumb Code    60  app_timer.o(i.app_timer_create)
    app_timer_init                           0x0001968d   Thumb Code   156  app_timer.o(i.app_timer_init)
    app_timer_start                          0x00019745   Thumb Code    82  app_timer.o(i.app_timer_start)
    app_timer_stop                           0x0001979d   Thumb Code    50  app_timer.o(i.app_timer_stop)
    app_uart_close                           0x000197d5   Thumb Code    10  app_uart_fifo.o(i.app_uart_close)
    app_uart_flush                           0x000197e1   Thumb Code    38  app_uart_fifo.o(i.app_uart_flush)
    app_uart_get                             0x00019811   Thumb Code    48  app_uart_fifo.o(i.app_uart_get)
    app_uart_init                            0x00019849   Thumb Code   168  app_uart_fifo.o(i.app_uart_init)
    app_uart_put                             0x00019909   Thumb Code    34  app_uart_fifo.o(i.app_uart_put)
    ble_advdata_set                          0x000199f5   Thumb Code   136  ble_advdata.o(i.ble_advdata_set)
    ble_advertising_init                     0x00019a7d   Thumb Code   316  ble_advertising.o(i.ble_advertising_init)
    ble_advertising_on_ble_evt               0x00019bf1   Thumb Code   236  ble_advertising.o(i.ble_advertising_on_ble_evt)
    ble_advertising_start                    0x00019d05   Thumb Code   654  ble_advertising.o(i.ble_advertising_start)
    ble_conn_params_init                     0x00019fc1   Thumb Code    90  ble_conn_params.o(i.ble_conn_params_init)
    ble_conn_params_on_ble_evt               0x0001a039   Thumb Code    62  ble_conn_params.o(i.ble_conn_params_on_ble_evt)
    ble_nus_init                             0x0001a109   Thumb Code   128  ble_nus.o(i.ble_nus_init)
    ble_nus_on_ble_evt                       0x0001a18d   Thumb Code    70  ble_nus.o(i.ble_nus_on_ble_evt)
    button_event_handler                     0x0001a279   Thumb Code   378  ofo_key_unlock.o(i.button_event_handler)
    flash_init                               0x0001ad21   Thumb Code    14  ofo_flash.o(i.flash_init)
    flash_regeist                            0x0001ae0d   Thumb Code    28  ofo_flash.o(i.flash_regeist)
    fputc                                    0x0001ae49   Thumb Code    16  retarget.o(i.fputc)
    gpio_init                                0x0001aee1   Thumb Code   112  main.o(i.gpio_init)
    gpiote_int_init                          0x0001af51   Thumb Code   324  ofo_key_unlock.o(i.gpiote_int_init)
    intern_softdevice_events_execute         0x0001b10d   Thumb Code   168  softdevice_handler.o(i.intern_softdevice_events_execute)
    key_unlock_init                          0x0001b35d   Thumb Code    44  ofo_key_unlock.o(i.key_unlock_init)
    led_action_stop                          0x0001b451   Thumb Code    26  ofo_led.o(i.led_action_stop)
    lock_set_init                            0x0001b61d   Thumb Code   122  ofo_lock.o(i.lock_set_init)
    main                                     0x0001b76d   Thumb Code   100  main.o(i.main)
    nrf_adc_configure                        0x0001b92d   Thumb Code    74  nrf_adc.o(i.nrf_adc_configure)
    nrf_delay_ms                             0x0001b9a5   Thumb Code    24  nrf_delay.o(i.nrf_delay_ms)
    nrf_drv_common_irq_enable                0x0001b9c1   Thumb Code    48  nrf_drv_common.o(i.nrf_drv_common_irq_enable)
    nrf_drv_gpiote_in_event_disable          0x0001b9f9   Thumb Code    88  nrf_drv_gpiote.o(i.nrf_drv_gpiote_in_event_disable)
    nrf_drv_gpiote_in_event_enable           0x0001ba59   Thumb Code   186  nrf_drv_gpiote.o(i.nrf_drv_gpiote_in_event_enable)
    nrf_drv_gpiote_in_init                   0x0001bb21   Thumb Code   228  nrf_drv_gpiote.o(i.nrf_drv_gpiote_in_init)
    nrf_drv_gpiote_init                      0x0001bc15   Thumb Code    76  nrf_drv_gpiote.o(i.nrf_drv_gpiote_init)
    nrf_drv_uart_init                        0x0001bc65   Thumb Code   110  nrf_drv_uart.o(i.nrf_drv_uart_init)
    nrf_drv_uart_rx                          0x0001bce5   Thumb Code   216  nrf_drv_uart.o(i.nrf_drv_uart_rx)
    nrf_drv_uart_rx_enable                   0x0001bdc5   Thumb Code    22  nrf_drv_uart.o(i.nrf_drv_uart_rx_enable)
    nrf_drv_uart_tx                          0x0001bde1   Thumb Code   170  nrf_drv_uart.o(i.nrf_drv_uart_tx)
    nrf_drv_uart_uninit                      0x0001be95   Thumb Code    74  nrf_drv_uart.o(i.nrf_drv_uart_uninit)
    nrf_drv_wdt_channel_alloc                0x0001bef1   Thumb Code   158  nrf_drv_wdt.o(i.nrf_drv_wdt_channel_alloc)
    nrf_drv_wdt_init                         0x0001bf99   Thumb Code    76  nrf_drv_wdt.o(i.nrf_drv_wdt_init)
    pstorage_access_status_get               0x0001c5cd   Thumb Code    40  pstorage.o(i.pstorage_access_status_get)
    pstorage_init                            0x0001c631   Thumb Code   104  pstorage.o(i.pstorage_init)
    pstorage_register                        0x0001c6b9   Thumb Code   270  pstorage.o(i.pstorage_register)
    pstorage_sys_event_handler               0x0001c7d9   Thumb Code    66  pstorage.o(i.pstorage_sys_event_handler)
    softdevice_assertion_handler             0x0001cbfd   Thumb Code    18  softdevice_handler.o(i.softdevice_assertion_handler)
    softdevice_ble_evt_handler_set           0x0001cc11   Thumb Code    18  softdevice_handler.o(i.softdevice_ble_evt_handler_set)
    softdevice_handler_init                  0x0001cc29   Thumb Code    84  softdevice_handler.o(i.softdevice_handler_init)
    softdevice_sys_evt_handler_set           0x0001cc91   Thumb Code    18  softdevice_handler.o(i.softdevice_sys_evt_handler_set)
    switch_event_handler                     0x0001cffd   Thumb Code    84  ofo_lock.o(i.switch_event_handler)
    timer_init                               0x0001d155   Thumb Code    46  main.o(i.timer_init)
    uart_event_handle                        0x0001d631   Thumb Code   168  ofo_uart.o(i.uart_event_handle)
    uart_init                                0x0001d7a1   Thumb Code   100  ofo_uart.o(i.uart_init)
    wdt_event_handler                        0x0001da41   Thumb Code     2  ofo_wdt.o(i.wdt_event_handler)
    wdt_init                                 0x0001da45   Thumb Code    84  ofo_wdt.o(i.wdt_init)
    __I$use$fp                               0x0001daba   Number         0  usenofp.o(x$fpl$usenofp)
    led_pin_array                            0x0001dac0   Data           3  ofo_led.o(.constdata)
    Green_LED_flash                          0x0001dac3   Data           2  ofo_led.o(.constdata)
    Red_LED_flash                            0x0001dac5   Data           2  ofo_led.o(.constdata)
    Green_Red_flash                          0x0001dac7   Data           2  ofo_led.o(.constdata)
    all_flash                                0x0001dac9   Data           2  ofo_led.o(.constdata)
    KEY_TONE                                 0x0001dae0   Data           2  ofo_buzz.o(.constdata)
    KEYC_TONE                                0x0001dae2   Data           2  ofo_buzz.o(.constdata)
    PasswordOK_TONE                          0x0001dae4   Data           2  ofo_buzz.o(.constdata)
    PasswordERR_TONE                         0x0001dae6   Data           2  ofo_buzz.o(.constdata)
    LockClose_TONE                           0x0001dae8   Data           2  ofo_buzz.o(.constdata)
    Region$$Table$$Base                      0x0001dbc4   Number         0  anon$$obj.o(Region$$Table)
    Region$$Table$$Limit                     0x0001dbe4   Number         0  anon$$obj.o(Region$$Table)
    m_conn_handle                            0x20002000   Data           2  main.o(.data)
    m_app_ticks_per_100ms                    0x20002008   Data           4  main.o(.data)
    LED_flash_loop_times                     0x2000200c   Data           2  ofo_led.o(.data)
    LED_flash_types                          0x2000200e   Data           1  ofo_led.o(.data)
    adc_sample                               0x20002014   Data           4  ofo_adc.o(.data)
    m_channel_id                             0x20002018   Data           1  ofo_wdt.o(.data)
    UartSt                                   0x20002019   Data           1  ofo_uart.o(.data)
    store_flag                               0x2000201c   Data           1  ofo_flash.o(.data)
    update_flag                              0x2000201d   Data           1  ofo_flash.o(.data)
    load_flag                                0x2000201e   Data           1  ofo_flash.o(.data)
    clear_flag                               0x2000201f   Data           1  ofo_flash.o(.data)
    m_flash_handle                           0x20002020   Data           8  ofo_flash.o(.data)
    base_flash_handle                        0x20002028   Data           8  ofo_flash.o(.data)
    buzz_st                                  0x20002030   Data           1  ofo_buzz.o(.data)
    buzz_index                               0x20002031   Data           1  ofo_buzz.o(.data)
    Tone                                     0x20002032   Data           2  ofo_buzz.o(.data)
    lock_st                                  0x20002038   Data           4  ofo_lock.o(.data)
    lock_pass_word                           0x2000204a   Data          14  ofo_key_unlock.o(.data)
    accredit                                 0x20002058   Data           1  ofo_factory_test.o(.data)
    lock1_test                               0x20002059   Data           1  ofo_factory_test.o(.data)
    lock2_test                               0x2000205a   Data           1  ofo_factory_test.o(.data)
    SystemCoreClock                          0x2000205c   Data           4  system_nrf51.o(.data)
    __stdout                                 0x200020f0   Data           4  retarget.o(.data)
    __stdin                                  0x200020f4   Data           4  retarget.o(.data)
    m_nus                                    0x20002118   Data          28  main.o(.bss)
    m_rx_fifo                                0x200028f8   Data          16  app_uart_fifo.o(.bss)
    __libspace_start                         0x20002918   Data          96  libspace.o(.bss)
    __temporary_stack_top$libspace           0x20002978   Data           0  libspace.o(.bss)



==============================================================================

Memory Map of the image

  Image Entry point : 0x000180c1

  Load Region LR_IROM1 (Base: 0x00018000, Size: 0x00005cfc, Max: 0x00028000, ABSOLUTE)

    Execution Region ER_IROM1 (Base: 0x00018000, Size: 0x00005be4, Max: 0x00028000, ABSOLUTE)

    Base Addr    Size         Type   Attr      Idx    E Section Name        Object

    0x00018000   0x000000c0   Data   RO         1277    RESET               arm_startup_nrf51.o
    0x000180c0   0x00000008   Code   RO         3416  * !!!main             c_p.l(__main.o)
    0x000180c8   0x0000003c   Code   RO         3606    !!!scatter          c_p.l(__scatter.o)
    0x00018104   0x0000001a   Code   RO         3608    !!handler_copy      c_p.l(__scatter_copy.o)
    0x0001811e   0x00000002   PAD
    0x00018120   0x0000001c   Code   RO         3610    !!handler_zi        c_p.l(__scatter_zi.o)
    0x0001813c   0x00000002   Code   RO         3399    .ARM.Collect$$_printf_percent$$00000000  c_p.l(_printf_percent.o)
    0x0001813e   0x0000000a   Code   RO         3398    .ARM.Collect$$_printf_percent$$0000000C  c_p.l(_printf_x.o)
    0x00018148   0x00000004   Code   RO         3435    .ARM.Collect$$_printf_percent$$00000017  c_p.l(_printf_percent_end.o)
    0x0001814c   0x00000002   Code   RO         3476    .ARM.Collect$$libinit$$00000000  c_p.l(libinit.o)
    0x0001814e   0x00000000   Code   RO         3490    .ARM.Collect$$libinit$$00000002  c_p.l(libinit2.o)
    0x0001814e   0x00000000   Code   RO         3492    .ARM.Collect$$libinit$$00000004  c_p.l(libinit2.o)
    0x0001814e   0x00000000   Code   RO         3495    .ARM.Collect$$libinit$$0000000A  c_p.l(libinit2.o)
    0x0001814e   0x00000000   Code   RO         3497    .ARM.Collect$$libinit$$0000000C  c_p.l(libinit2.o)
    0x0001814e   0x00000000   Code   RO         3499    .ARM.Collect$$libinit$$0000000E  c_p.l(libinit2.o)
    0x0001814e   0x00000000   Code   RO         3502    .ARM.Collect$$libinit$$00000011  c_p.l(libinit2.o)
    0x0001814e   0x00000000   Code   RO         3504    .ARM.Collect$$libinit$$00000013  c_p.l(libinit2.o)
    0x0001814e   0x00000000   Code   RO         3506    .ARM.Collect$$libinit$$00000015  c_p.l(libinit2.o)
    0x0001814e   0x00000000   Code   RO         3508    .ARM.Collect$$libinit$$00000017  c_p.l(libinit2.o)
    0x0001814e   0x00000000   Code   RO         3510    .ARM.Collect$$libinit$$00000019  c_p.l(libinit2.o)
    0x0001814e   0x00000000   Code   RO         3512    .ARM.Collect$$libinit$$0000001B  c_p.l(libinit2.o)
    0x0001814e   0x00000000   Code   RO         3514    .ARM.Collect$$libinit$$0000001D  c_p.l(libinit2.o)
    0x0001814e   0x00000000   Code   RO         3516    .ARM.Collect$$libinit$$0000001F  c_p.l(libinit2.o)
    0x0001814e   0x00000000   Code   RO         3518    .ARM.Collect$$libinit$$00000021  c_p.l(libinit2.o)
    0x0001814e   0x00000000   Code   RO         3520    .ARM.Collect$$libinit$$00000023  c_p.l(libinit2.o)
    0x0001814e   0x00000000   Code   RO         3522    .ARM.Collect$$libinit$$00000025  c_p.l(libinit2.o)
    0x0001814e   0x00000000   Code   RO         3526    .ARM.Collect$$libinit$$0000002C  c_p.l(libinit2.o)
    0x0001814e   0x00000000   Code   RO         3528    .ARM.Collect$$libinit$$0000002E  c_p.l(libinit2.o)
    0x0001814e   0x00000000   Code   RO         3530    .ARM.Collect$$libinit$$00000030  c_p.l(libinit2.o)
    0x0001814e   0x00000000   Code   RO         3532    .ARM.Collect$$libinit$$00000032  c_p.l(libinit2.o)
    0x0001814e   0x00000002   Code   RO         3533    .ARM.Collect$$libinit$$00000033  c_p.l(libinit2.o)
    0x00018150   0x00000002   Code   RO         3564    .ARM.Collect$$libshutdown$$00000000  c_p.l(libshutdown.o)
    0x00018152   0x00000000   Code   RO         3591    .ARM.Collect$$libshutdown$$00000003  c_p.l(libshutdown2.o)
    0x00018152   0x00000000   Code   RO         3594    .ARM.Collect$$libshutdown$$00000006  c_p.l(libshutdown2.o)
    0x00018152   0x00000000   Code   RO         3597    .ARM.Collect$$libshutdown$$00000009  c_p.l(libshutdown2.o)
    0x00018152   0x00000000   Code   RO         3599    .ARM.Collect$$libshutdown$$0000000B  c_p.l(libshutdown2.o)
    0x00018152   0x00000000   Code   RO         3602    .ARM.Collect$$libshutdown$$0000000E  c_p.l(libshutdown2.o)
    0x00018152   0x00000002   Code   RO         3603    .ARM.Collect$$libshutdown$$0000000F  c_p.l(libshutdown2.o)
    0x00018154   0x00000000   Code   RO         3424    .ARM.Collect$$rtentry$$00000000  c_p.l(__rtentry.o)
    0x00018154   0x00000000   Code   RO         3438    .ARM.Collect$$rtentry$$00000002  c_p.l(__rtentry2.o)
    0x00018154   0x00000006   Code   RO         3450    .ARM.Collect$$rtentry$$00000004  c_p.l(__rtentry4.o)
    0x0001815a   0x00000000   Code   RO         3440    .ARM.Collect$$rtentry$$00000009  c_p.l(__rtentry2.o)
    0x0001815a   0x00000004   Code   RO         3441    .ARM.Collect$$rtentry$$0000000A  c_p.l(__rtentry2.o)
    0x0001815e   0x00000000   Code   RO         3443    .ARM.Collect$$rtentry$$0000000C  c_p.l(__rtentry2.o)
    0x0001815e   0x00000008   Code   RO         3444    .ARM.Collect$$rtentry$$0000000D  c_p.l(__rtentry2.o)
    0x00018166   0x00000002   Code   RO         3481    .ARM.Collect$$rtexit$$00000000  c_p.l(rtexit.o)
    0x00018168   0x00000000   Code   RO         3537    .ARM.Collect$$rtexit$$00000002  c_p.l(rtexit2.o)
    0x00018168   0x00000004   Code   RO         3538    .ARM.Collect$$rtexit$$00000003  c_p.l(rtexit2.o)
    0x0001816c   0x00000006   Code   RO         3539    .ARM.Collect$$rtexit$$00000004  c_p.l(rtexit2.o)
    0x00018172   0x00000002   PAD
    0x00018174   0x0000001e   Code   RO         1716    .emb_text           nrf_delay.o
    0x00018192   0x00000002   PAD
    0x00018194   0x0000001e   Code   RO         2942    .emb_text           app_timer.o
    0x000181b2   0x00000002   PAD
    0x000181b4   0x00000038   Code   RO         3402    .emb_text           c_p.l(rt_memcpy.o)
    0x000181ec   0x00000054   Code   RO         1278    .text               arm_startup_nrf51.o
    0x00018240   0x0000001c   Code   RO         3350    .text               c_p.l(noretval__2printf.o)
    0x0001825c   0x0000006c   Code   RO         3352    .text               c_p.l(__printf.o)
    0x000182c8   0x00000058   Code   RO         3359    .text               c_p.l(_printf_hex_int.o)
    0x00018320   0x00000082   Code   RO         3403    .text               c_p.l(rt_memcpy.o)
    0x000183a2   0x00000040   Code   RO         3406    .text               c_p.l(rt_memclr.o)
    0x000183e2   0x00000002   PAD
    0x000183e4   0x00000088   Code   RO         3408    .text               c_p.l(strcmp.o)
    0x0001846c   0x0000015a   Code   RO         3410    .text               c_p.l(aeabi_sdiv.o)
    0x000185c6   0x00000006   Code   RO         3414    .text               c_p.l(heapauxi.o)
    0x000185cc   0x0000006c   Code   RO         3418    .text               fz_ps.l(dfixi.o)
    0x00018638   0x00000058   Code   RO         3420    .text               fz_ps.l(dflti.o)
    0x00018690   0x00000248   Code   RO         3422    .text               fz_ps.l(dmul.o)
    0x000188d8   0x000000b0   Code   RO         3429    .text               c_p.l(_printf_intcommon.o)
    0x00018988   0x00000028   Code   RO         3433    .text               c_p.l(_printf_char_file.o)
    0x000189b0   0x00000030   Code   RO         3454    .text               c_p.l(_printf_char_common.o)
    0x000189e0   0x00000008   Code   RO         3456    .text               c_p.l(ferror.o)
    0x000189e8   0x0000003e   Code   RO         3460    .text               c_p.l(sys_stackheap_outer.o)
    0x00018a26   0x0000000c   Code   RO         3465    .text               c_p.l(exit.o)
    0x00018a32   0x00000002   PAD
    0x00018a34   0x00000008   Code   RO         3477    .text               c_p.l(libspace.o)
    0x00018a3c   0x0000000c   Code   RO         3534    .text               c_p.l(sys_exit.o)
    0x00018a48   0x00000002   Code   RO         3553    .text               c_p.l(use_no_semi.o)
    0x00018a4a   0x00000000   Code   RO         3555    .text               c_p.l(indicate_semi.o)
    0x00018a4a   0x00000002   PAD
    0x00018a4c   0x00000040   Code   RO          378    i.ADC_IRQHandler    ofo_adc.o
    0x00018a8c   0x0000003c   Code   RO          583    i.Buzz_init         ofo_buzz.o
    0x00018ac8   0x0000018c   Code   RO         1774    i.GPIOTE_IRQHandler  nrf_drv_gpiote.o
    0x00018c54   0x00000014   Code   RO          584    i.KeyCVoice         ofo_buzz.o
    0x00018c68   0x00000014   Code   RO          585    i.KeyVoice          ofo_buzz.o
    0x00018c7c   0x0000002c   Code   RO          311    i.LED_flash         ofo_led.o
    0x00018ca8   0x00000030   Code   RO          312    i.LED_flash_init    ofo_led.o
    0x00018cd8   0x000000b4   Code   RO          313    i.LED_timer_handler  ofo_led.o
    0x00018d8c   0x00000014   Code   RO         2943    i.NVIC_ClearPendingIRQ  app_timer.o
    0x00018da0   0x00000014   Code   RO         2944    i.NVIC_EnableIRQ    app_timer.o
    0x00018db4   0x00000014   Code   RO         2945    i.NVIC_SetPendingIRQ  app_timer.o
    0x00018dc8   0x00000078   Code   RO          379    i.NVIC_SetPriority  ofo_adc.o
    0x00018e40   0x00000078   Code   RO         1740    i.NVIC_SetPriority  nrf_drv_common.o
    0x00018eb8   0x00000078   Code   RO         2946    i.NVIC_SetPriority  app_timer.o
    0x00018f30   0x00000040   Code   RO          710    i.OpenLockTime      ofo_lock.o
    0x00018f70   0x0000006c   Code   RO          586    i.PlayVoice         ofo_buzz.o
    0x00018fdc   0x00000028   Code   RO         2947    i.RTC1_IRQHandler   app_timer.o
    0x00019004   0x00000014   Code   RO         2009    i.SPI0_TWI0_IRQHandler  nrf_drv_spi.o
    0x00019018   0x00000008   Code   RO         2948    i.SWI0_IRQHandler   app_timer.o
    0x00019020   0x00000038   Code   RO         3290    i.SWI2_IRQHandler   softdevice_handler.o
    0x00019058   0x00000038   Code   RO         1285    i.SystemInit        system_nrf51.o
    0x00019090   0x00000138   Code   RO         2123    i.UART0_IRQHandler  nrf_drv_uart.o
    0x000191c8   0x00000014   Code   RO          588    i.VoicePasswordErr  ofo_buzz.o
    0x000191dc   0x00000014   Code   RO          589    i.VoicePasswordOK   ofo_buzz.o
    0x000191f0   0x0000003c   Code   RO         2314    i.WDT_IRQHandler    nrf_drv_wdt.o
    0x0001922c   0x0000001c   Code   RO          358    i.__ARM_common_switch8  ofo_led.o
    0x00019248   0x00000074   Code   RO          380    i.adc_config        ofo_adc.o
    0x000192bc   0x000001bc   Code   RO         1324    i.adv_data_encode   ble_advdata.o
    0x00019478   0x00000014   Code   RO         1325    i.advdata_check     ble_advdata.o
    0x0001948c   0x0000009c   Code   RO            4    i.advertising_init  main.o
    0x00019528   0x00000020   Code   RO          314    i.all_led_flash_control  ofo_led.o
    0x00019548   0x00000038   Code   RO         2810    i.app_error_handler  app_error.o
    0x00019580   0x0000000a   Code   RO         2831    i.app_fifo_flush    app_fifo.o
    0x0001958a   0x00000020   Code   RO         2832    i.app_fifo_get      app_fifo.o
    0x000195aa   0x0000002a   Code   RO         2833    i.app_fifo_init     app_fifo.o
    0x000195d4   0x00000022   Code   RO         2834    i.app_fifo_put      app_fifo.o
    0x000195f6   0x00000002   PAD
    0x000195f8   0x00000030   Code   RO         2389    i.app_notify        pstorage.o
    0x00019628   0x00000024   Code   RO         2390    i.app_notify_error_state_transit  pstorage.o
    0x0001964c   0x00000040   Code   RO         2951    i.app_timer_create  app_timer.o
    0x0001968c   0x000000b8   Code   RO         2952    i.app_timer_init    app_timer.o
    0x00019744   0x00000058   Code   RO         2953    i.app_timer_start   app_timer.o
    0x0001979c   0x00000038   Code   RO         2954    i.app_timer_stop    app_timer.o
    0x000197d4   0x0000000a   Code   RO         3222    i.app_uart_close    app_uart_fifo.o
    0x000197de   0x00000002   PAD
    0x000197e0   0x00000030   Code   RO         3223    i.app_uart_flush    app_uart_fifo.o
    0x00019810   0x00000038   Code   RO         3224    i.app_uart_get      app_uart_fifo.o
    0x00019848   0x000000c0   Code   RO         3225    i.app_uart_init     app_uart_fifo.o
    0x00019908   0x0000002c   Code   RO         3226    i.app_uart_put      app_uart_fifo.o
    0x00019934   0x00000050   Code   RO         1326    i.appearance_encode  ble_advdata.o
    0x00019984   0x00000070   Code   RO         2124    i.apply_config      nrf_drv_uart.o
    0x000199f4   0x00000088   Code   RO         1327    i.ble_advdata_set   ble_advdata.o
    0x00019a7c   0x00000174   Code   RO         1435    i.ble_advertising_init  ble_advertising.o
    0x00019bf0   0x00000104   Code   RO         1436    i.ble_advertising_on_ble_evt  ble_advertising.o
    0x00019cf4   0x00000010   Code   RO         1439    i.ble_advertising_peer_address_clear  ble_advertising.o
    0x00019d04   0x000002bc   Code   RO         1441    i.ble_advertising_start  ble_advertising.o
    0x00019fc0   0x00000078   Code   RO         1511    i.ble_conn_params_init  ble_conn_params.o
    0x0001a038   0x0000003e   Code   RO         1512    i.ble_conn_params_on_ble_evt  ble_conn_params.o
    0x0001a076   0x0000006c   Code   RO         1328    i.ble_device_addr_encode  ble_advdata.o
    0x0001a0e2   0x00000002   PAD
    0x0001a0e4   0x00000024   Code   RO            6    i.ble_evt_dispatch  main.o
    0x0001a108   0x00000084   Code   RO         1595    i.ble_nus_init      ble_nus.o
    0x0001a18c   0x00000046   Code   RO         1596    i.ble_nus_on_ble_evt  ble_nus.o
    0x0001a1d2   0x00000002   PAD
    0x0001a1d4   0x000000a4   Code   RO            7    i.ble_stack_init    main.o
    0x0001a278   0x00000198   Code   RO         1168    i.button_event_handler  ofo_key_unlock.o
    0x0001a410   0x0000008c   Code   RO          590    i.buzz_timer_handler  ofo_buzz.o
    0x0001a49c   0x00000020   Code   RO         1775    i.channel_free      nrf_drv_gpiote.o
    0x0001a4bc   0x00000010   Code   RO         1776    i.channel_handler_get  nrf_drv_gpiote.o
    0x0001a4cc   0x00000078   Code   RO         1777    i.channel_port_alloc  nrf_drv_gpiote.o
    0x0001a544   0x0000000c   Code   RO         1778    i.channel_port_get  nrf_drv_gpiote.o
    0x0001a550   0x00000114   Code   RO         2391    i.clear_operation_execute  pstorage.o
    0x0001a664   0x00000028   Code   RO         2392    i.clear_post_processing_run  pstorage.o
    0x0001a68c   0x00000048   Code   RO         2393    i.cmd_process       pstorage.o
    0x0001a6d4   0x00000014   Code   RO         2394    i.cmd_queue_dequeue  pstorage.o
    0x0001a6e8   0x0000003c   Code   RO         2395    i.cmd_queue_element_init  pstorage.o
    0x0001a724   0x00000020   Code   RO         2397    i.cmd_queue_init    pstorage.o
    0x0001a744   0x00000028   Code   RO         2398    i.command_end_procedure_run  pstorage.o
    0x0001a76c   0x0000002c   Code   RO         2399    i.command_queue_element_consume  pstorage.o
    0x0001a798   0x0000008c   Code   RO         2956    i.compare_reg_update  app_timer.o
    0x0001a824   0x0000005c   Code   RO         1329    i.conn_int_check    ble_advdata.o
    0x0001a880   0x00000066   Code   RO         1330    i.conn_int_encode   ble_advdata.o
    0x0001a8e6   0x00000014   Code   RO            8    i.conn_params_error_handler  main.o
    0x0001a8fa   0x00000002   PAD
    0x0001a8fc   0x0000005c   Code   RO            9    i.conn_params_init  main.o
    0x0001a958   0x00000094   Code   RO         1514    i.conn_params_negotiation  ble_conn_params.o
    0x0001a9ec   0x0000005c   Code   RO         2315    i.current_int_priority_get  nrf_drv_wdt.o
    0x0001aa48   0x0000005c   Code   RO         2957    i.current_int_priority_get  app_timer.o
    0x0001aaa4   0x00000084   Code   RO         2400    i.data_page_erase_state_run  pstorage.o
    0x0001ab28   0x00000038   Code   RO         2401    i.data_to_swap_write_state_run  pstorage.o
    0x0001ab60   0x00000064   Code   RO         2958    i.elapsed_ticks_acquire  app_timer.o
    0x0001abc4   0x00000044   Code   RO         2402    i.erase_sub_state_sm_run  pstorage.o
    0x0001ac08   0x0000005c   Code   RO         2959    i.expired_timers_handler  app_timer.o
    0x0001ac64   0x00000014   Code   RO         2837    i.fifo_get          app_fifo.o
    0x0001ac78   0x0000000a   Code   RO         2838    i.fifo_length       app_fifo.o
    0x0001ac82   0x0000000a   Code   RO         3227    i.fifo_length       app_uart_fifo.o
    0x0001ac8c   0x00000012   Code   RO         2839    i.fifo_put          app_fifo.o
    0x0001ac9e   0x0000001a   Code   RO         2010    i.finish_transfer   nrf_drv_spi.o
    0x0001acb8   0x00000036   Code   RO         1331    i.flags_encode      ble_advdata.o
    0x0001acee   0x00000002   PAD
    0x0001acf0   0x00000030   Code   RO         2403    i.flash_api_err_code_process  pstorage.o
    0x0001ad20   0x0000000e   Code   RO          510    i.flash_init        ofo_flash.o
    0x0001ad2e   0x00000002   PAD
    0x0001ad30   0x00000040   Code   RO         2404    i.flash_operation_failure_run  pstorage.o
    0x0001ad70   0x00000030   Code   RO         2405    i.flash_operation_success_run  pstorage.o
    0x0001ada0   0x00000010   Code   RO         2406    i.flash_page_erase  pstorage.o
    0x0001adb0   0x0000005c   Code   RO          511    i.flash_pstorage_cb_handler  ofo_flash.o
    0x0001ae0c   0x00000024   Code   RO          512    i.flash_regeist     ofo_flash.o
    0x0001ae30   0x00000018   Code   RO         2407    i.flash_write       pstorage.o
    0x0001ae48   0x00000010   Code   RO         3190    i.fputc             retarget.o
    0x0001ae58   0x00000088   Code   RO           10    i.gap_params_init   main.o
    0x0001aee0   0x00000070   Code   RO           11    i.gpio_init         main.o
    0x0001af50   0x0000014c   Code   RO         1169    i.gpiote_int_init   ofo_key_unlock.o
    0x0001b09c   0x00000070   Code   RO         2408    i.head_restore_state_run  pstorage.o
    0x0001b10c   0x000000bc   Code   RO         3291    i.intern_softdevice_events_execute  softdevice_handler.o
    0x0001b1c8   0x00000024   Code   RO         2011    i.irq_handler_spi   nrf_drv_spi.o
    0x0001b1ec   0x00000024   Code   RO         1515    i.is_conn_params_ok  ble_conn_params.o
    0x0001b210   0x00000038   Code   RO         1286    i.is_disabled_in_debug_needed  system_nrf51.o
    0x0001b248   0x0000006c   Code   RO         1287    i.is_manual_peripheral_setup_needed  system_nrf51.o
    0x0001b2b4   0x00000058   Code   RO         2409    i.is_page_erase_required  pstorage.o
    0x0001b30c   0x00000050   Code   RO         2410    i.is_tail_data_page_swap_required  pstorage.o
    0x0001b35c   0x00000034   Code   RO         1170    i.key_unlock_init   ofo_key_unlock.o
    0x0001b390   0x00000054   Code   RO         1171    i.key_unlock_timer_handler  ofo_key_unlock.o
    0x0001b3e4   0x0000006a   Code   RO         1332    i.le_role_encode    ble_advdata.o
    0x0001b44e   0x00000002   PAD
    0x0001b450   0x00000028   Code   RO          315    i.led_action_stop   ofo_led.o
    0x0001b478   0x00000094   Code   RO         2960    i.list_deletions_handler  app_timer.o
    0x0001b50c   0x00000110   Code   RO         2961    i.list_insertions_handler  app_timer.o
    0x0001b61c   0x0000008c   Code   RO          711    i.lock_set_init     ofo_lock.o
    0x0001b6a8   0x000000c4   Code   RO          712    i.lock_timer_handler  ofo_lock.o
    0x0001b76c   0x00000064   Code   RO           12    i.main              main.o
    0x0001b7d0   0x00000020   Code   RO         2412    i.main_state_err_busy_process  pstorage.o
    0x0001b7f0   0x00000078   Code   RO         1333    i.manuf_specific_data_encode  ble_advdata.o
    0x0001b868   0x000000c2   Code   RO         1334    i.name_encode       ble_advdata.o
    0x0001b92a   0x00000002   PAD
    0x0001b92c   0x00000050   Code   RO         1682    i.nrf_adc_configure  nrf_adc.o
    0x0001b97c   0x00000028   Code   RO         1684    i.nrf_adc_input_select  nrf_adc.o
    0x0001b9a4   0x0000001c   Code   RO         1717    i.nrf_delay_ms      nrf_delay.o
    0x0001b9c0   0x00000038   Code   RO         1741    i.nrf_drv_common_irq_enable  nrf_drv_common.o
    0x0001b9f8   0x00000060   Code   RO         1780    i.nrf_drv_gpiote_in_event_disable  nrf_drv_gpiote.o
    0x0001ba58   0x000000c8   Code   RO         1781    i.nrf_drv_gpiote_in_event_enable  nrf_drv_gpiote.o
    0x0001bb20   0x000000f4   Code   RO         1782    i.nrf_drv_gpiote_in_init  nrf_drv_gpiote.o
    0x0001bc14   0x00000050   Code   RO         1785    i.nrf_drv_gpiote_init  nrf_drv_gpiote.o
    0x0001bc64   0x00000080   Code   RO         2126    i.nrf_drv_uart_init  nrf_drv_uart.o
    0x0001bce4   0x000000e0   Code   RO         2127    i.nrf_drv_uart_rx   nrf_drv_uart.o
    0x0001bdc4   0x0000001c   Code   RO         2130    i.nrf_drv_uart_rx_enable  nrf_drv_uart.o
    0x0001bde0   0x000000b4   Code   RO         2131    i.nrf_drv_uart_tx   nrf_drv_uart.o
    0x0001be94   0x0000005c   Code   RO         2133    i.nrf_drv_uart_uninit  nrf_drv_uart.o
    0x0001bef0   0x000000a8   Code   RO         2316    i.nrf_drv_wdt_channel_alloc  nrf_drv_wdt.o
    0x0001bf98   0x0000005c   Code   RO         2320    i.nrf_drv_wdt_init  nrf_drv_wdt.o
    0x0001bff4   0x00000026   Code   RO           13    i.nrf_gpio_cfg      main.o
    0x0001c01a   0x00000026   Code   RO         1798    i.nrf_gpio_cfg      nrf_drv_gpiote.o
    0x0001c040   0x00000026   Code   RO         2134    i.nrf_gpio_cfg      nrf_drv_uart.o
    0x0001c066   0x00000018   Code   RO         2135    i.nrf_gpio_cfg_default  nrf_drv_uart.o
    0x0001c07e   0x0000001a   Code   RO           14    i.nrf_gpio_cfg_input  main.o
    0x0001c098   0x0000001a   Code   RO         2136    i.nrf_gpio_cfg_input  nrf_drv_uart.o
    0x0001c0b2   0x00000018   Code   RO           15    i.nrf_gpio_cfg_output  main.o
    0x0001c0ca   0x00000018   Code   RO         2137    i.nrf_gpio_cfg_output  nrf_drv_uart.o
    0x0001c0e2   0x00000046   Code   RO         1800    i.nrf_gpio_cfg_sense_set  nrf_drv_gpiote.o
    0x0001c128   0x00000010   Code   RO          591    i.nrf_gpio_pin_clear  ofo_buzz.o
    0x0001c138   0x00000010   Code   RO          713    i.nrf_gpio_pin_clear  ofo_lock.o
    0x0001c148   0x00000014   Code   RO          714    i.nrf_gpio_pin_read  ofo_lock.o
    0x0001c15c   0x00000010   Code   RO          592    i.nrf_gpio_pin_set  ofo_buzz.o
    0x0001c16c   0x00000010   Code   RO         2018    i.nrf_gpio_pin_set  nrf_drv_spi.o
    0x0001c17c   0x00000010   Code   RO         2138    i.nrf_gpio_pin_set  nrf_drv_uart.o
    0x0001c18c   0x0000000c   Code   RO         1803    i.nrf_gpiote_event_addr_get  nrf_drv_gpiote.o
    0x0001c198   0x00000010   Code   RO         1804    i.nrf_gpiote_event_clear  nrf_drv_gpiote.o
    0x0001c1a8   0x00000016   Code   RO         1805    i.nrf_gpiote_event_is_set  nrf_drv_gpiote.o
    0x0001c1be   0x00000002   PAD
    0x0001c1c0   0x0000000c   Code   RO         1806    i.nrf_gpiote_int_enable  nrf_drv_gpiote.o
    0x0001c1cc   0x00000006   Code   RO         2019    i.nrf_spi_event_clear  nrf_drv_spi.o
    0x0001c1d2   0x0000000a   Code   RO         2022    i.nrf_spi_txd_set   nrf_drv_spi.o
    0x0001c1dc   0x00000014   Code   RO         2139    i.nrf_uart_errorsrc_get_and_clear  nrf_drv_uart.o
    0x0001c1f0   0x00000010   Code   RO         2140    i.nrf_uart_event_check  nrf_drv_uart.o
    0x0001c200   0x00000006   Code   RO         2141    i.nrf_uart_event_clear  nrf_drv_uart.o
    0x0001c206   0x00000012   Code   RO         2142    i.nrf_uart_hwfc_pins_set  nrf_drv_uart.o
    0x0001c218   0x0000000a   Code   RO         2143    i.nrf_uart_int_disable  nrf_drv_uart.o
    0x0001c222   0x0000000a   Code   RO         2144    i.nrf_uart_int_enable  nrf_drv_uart.o
    0x0001c22c   0x00000018   Code   RO         2145    i.nrf_uart_int_enable_check  nrf_drv_uart.o
    0x0001c244   0x00000006   Code   RO         2146    i.nrf_uart_task_trigger  nrf_drv_uart.o
    0x0001c24a   0x00000012   Code   RO         2147    i.nrf_uart_txrx_pins_set  nrf_drv_uart.o
    0x0001c25c   0x0000002c   Code   RO           16    i.nus_data_handler  main.o
    0x0001c288   0x0000001a   Code   RO           17    i.on_adv_evt        main.o
    0x0001c2a2   0x00000002   PAD
    0x0001c2a4   0x00000084   Code   RO           18    i.on_ble_evt        main.o
    0x0001c328   0x00000034   Code   RO           19    i.on_conn_params_evt  main.o
    0x0001c35c   0x00000018   Code   RO         1516    i.on_conn_params_update  ble_conn_params.o
    0x0001c374   0x0000003c   Code   RO         1517    i.on_connect        ble_conn_params.o
    0x0001c3b0   0x00000006   Code   RO         1598    i.on_connect        ble_nus.o
    0x0001c3b6   0x00000002   PAD
    0x0001c3b8   0x00000044   Code   RO         1518    i.on_disconnect     ble_conn_params.o
    0x0001c3fc   0x00000008   Code   RO         1599    i.on_disconnect     ble_nus.o
    0x0001c404   0x0000005c   Code   RO         1519    i.on_write          ble_conn_params.o
    0x0001c460   0x00000054   Code   RO         1600    i.on_write          ble_nus.o
    0x0001c4b4   0x0000001a   Code   RO         1443    i.peer_address_exists  ble_advertising.o
    0x0001c4ce   0x00000002   PAD
    0x0001c4d0   0x0000001c   Code   RO         1808    i.pin_in_use_by_gpiote  nrf_drv_gpiote.o
    0x0001c4ec   0x00000018   Code   RO         1809    i.pin_in_use_by_port  nrf_drv_gpiote.o
    0x0001c504   0x00000020   Code   RO         1810    i.pin_in_use_by_te  nrf_drv_gpiote.o
    0x0001c524   0x00000010   Code   RO         1811    i.pin_in_use_clear  nrf_drv_gpiote.o
    0x0001c534   0x00000078   Code   RO         2148    i.pins_to_default   nrf_drv_uart.o
    0x0001c5ac   0x00000020   Code   RO           20    i.power_manage      main.o
    0x0001c5cc   0x00000030   Code   RO         2413    i.pstorage_access_status_get  pstorage.o
    0x0001c5fc   0x00000028   Code   RO         2416    i.pstorage_flash_page_end  pstorage.o
    0x0001c624   0x0000000a   Code   RO         2417    i.pstorage_flash_page_size  pstorage.o
    0x0001c62e   0x00000002   PAD
    0x0001c630   0x00000088   Code   RO         2418    i.pstorage_init     pstorage.o
    0x0001c6b8   0x00000120   Code   RO         2420    i.pstorage_register  pstorage.o
    0x0001c7d8   0x0000004c   Code   RO         2422    i.pstorage_sys_event_handler  pstorage.o
    0x0001c824   0x0000000c   Code   RO         2962    i.rtc1_compare0_set  app_timer.o
    0x0001c830   0x0000000c   Code   RO         2963    i.rtc1_counter_get  app_timer.o
    0x0001c83c   0x00000018   Code   RO         2964    i.rtc1_init         app_timer.o
    0x0001c854   0x0000003c   Code   RO         2965    i.rtc1_start        app_timer.o
    0x0001c890   0x00000058   Code   RO         2966    i.rtc1_stop         app_timer.o
    0x0001c8e8   0x00000038   Code   RO         2149    i.rx_byte           nrf_drv_uart.o
    0x0001c920   0x00000124   Code   RO         1601    i.rx_char_add       ble_nus.o
    0x0001ca44   0x0000002c   Code   RO         2150    i.rx_done_event     nrf_drv_uart.o
    0x0001ca70   0x00000024   Code   RO         2151    i.rx_enable         nrf_drv_uart.o
    0x0001ca94   0x00000036   Code   RO         1335    i.sec_mgr_oob_flags_encode  ble_advdata.o
    0x0001caca   0x00000096   Code   RO         1336    i.service_data_encode  ble_advdata.o
    0x0001cb60   0x00000038   Code   RO           21    i.services_init     main.o
    0x0001cb98   0x00000030   Code   RO          316    i.single_led_control  ofo_led.o
    0x0001cbc8   0x00000020   Code   RO           22    i.sleep_mode_enter  main.o
    0x0001cbe8   0x00000014   Code   RO         2424    i.sm_state_change   pstorage.o
    0x0001cbfc   0x00000012   Code   RO         3292    i.softdevice_assertion_handler  softdevice_handler.o
    0x0001cc0e   0x00000002   PAD
    0x0001cc10   0x00000018   Code   RO         3293    i.softdevice_ble_evt_handler_set  softdevice_handler.o
    0x0001cc28   0x00000068   Code   RO         3294    i.softdevice_handler_init  softdevice_handler.o
    0x0001cc90   0x00000018   Code   RO         3296    i.softdevice_sys_evt_handler_set  softdevice_handler.o
    0x0001cca8   0x00000010   Code   RO         1337    i.srdata_check      ble_advdata.o
    0x0001ccb8   0x00000010   Code   RO         2425    i.state_data_erase_entry_run  pstorage.o
    0x0001ccc8   0x00000098   Code   RO         2426    i.state_data_erase_swap_entry_run  pstorage.o
    0x0001cd60   0x0000003c   Code   RO         2427    i.state_entry_action_run  pstorage.o
    0x0001cd9c   0x00000010   Code   RO         2428    i.state_erase_data_page_entry_run  pstorage.o
    0x0001cdac   0x0000001c   Code   RO         2429    i.state_idle_entry_run  pstorage.o
    0x0001cdc8   0x00000034   Code   RO         2430    i.state_restore_head_entry_run  pstorage.o
    0x0001cdfc   0x00000054   Code   RO         2431    i.state_restore_tail_entry_run  pstorage.o
    0x0001ce50   0x00000008   Code   RO         2432    i.state_store_entry_run  pstorage.o
    0x0001ce58   0x00000026   Code   RO         2433    i.state_swap_erase_entry_run  pstorage.o
    0x0001ce7e   0x00000002   PAD
    0x0001ce80   0x00000034   Code   RO         2434    i.state_write_data_swap_entry_run  pstorage.o
    0x0001ceb4   0x00000064   Code   RO         2435    i.store_cmd_flash_write_execute  pstorage.o
    0x0001cf18   0x0000000a   Code   RO         2436    i.store_operation_execute  pstorage.o
    0x0001cf22   0x00000002   PAD
    0x0001cf24   0x0000004c   Code   RO         2437    i.store_sub_state_sm_run  pstorage.o
    0x0001cf70   0x00000020   Code   RO         2438    i.swap_erase_state_run  pstorage.o
    0x0001cf90   0x00000008   Code   RO         2439    i.swap_sub_sm_exit_action_run  pstorage.o
    0x0001cf98   0x00000018   Code   RO         2440    i.swap_sub_state_entry_action_run  pstorage.o
    0x0001cfb0   0x00000020   Code   RO         2441    i.swap_sub_state_err_busy_process  pstorage.o
    0x0001cfd0   0x00000018   Code   RO         2442    i.swap_sub_state_sm_run  pstorage.o
    0x0001cfe8   0x00000014   Code   RO         2443    i.swap_sub_state_state_change  pstorage.o
    0x0001cffc   0x00000088   Code   RO          715    i.switch_event_handler  ofo_lock.o
    0x0001d084   0x0000000c   Code   RO           23    i.sys_evt_dispatch  main.o
    0x0001d090   0x00000020   Code   RO         2444    i.tail_restore_state_run  pstorage.o
    0x0001d0b0   0x00000058   Code   RO         2445    i.tail_word_size_calculate  pstorage.o
    0x0001d108   0x0000000a   Code   RO         2967    i.ticks_diff_get    app_timer.o
    0x0001d112   0x00000002   PAD
    0x0001d114   0x00000040   Code   RO         2968    i.timeout_handler_exec  app_timer.o
    0x0001d154   0x00000034   Code   RO           24    i.timer_init        main.o
    0x0001d188   0x00000058   Code   RO         2969    i.timer_list_handler  app_timer.o
    0x0001d1e0   0x0000000a   Code   RO         2970    i.timer_list_handler_sched  app_timer.o
    0x0001d1ea   0x00000002   PAD
    0x0001d1ec   0x0000006c   Code   RO         2971    i.timer_list_insert  app_timer.o
    0x0001d258   0x00000070   Code   RO         2972    i.timer_list_remove  app_timer.o
    0x0001d2c8   0x00000058   Code   RO         2973    i.timer_start_op_schedule  app_timer.o
    0x0001d320   0x00000040   Code   RO         2975    i.timer_stop_op_schedule  app_timer.o
    0x0001d360   0x00000094   Code   RO         2976    i.timer_timeouts_check  app_timer.o
    0x0001d3f4   0x0000000a   Code   RO         2977    i.timer_timeouts_check_sched  app_timer.o
    0x0001d3fe   0x00000046   Code   RO         1338    i.tk_value_encode   ble_advdata.o
    0x0001d444   0x0000006e   Code   RO         2023    i.transfer_byte     nrf_drv_spi.o
    0x0001d4b2   0x00000002   PAD
    0x0001d4b4   0x00000038   Code   RO         2152    i.tx_byte           nrf_drv_uart.o
    0x0001d4ec   0x000000de   Code   RO         1602    i.tx_char_add       ble_nus.o
    0x0001d5ca   0x00000002   PAD
    0x0001d5cc   0x0000002c   Code   RO         2153    i.tx_done_event     nrf_drv_uart.o
    0x0001d5f8   0x00000036   Code   RO         1339    i.tx_power_level_encode  ble_advdata.o
    0x0001d62e   0x00000002   PAD
    0x0001d630   0x000000b0   Code   RO          467    i.uart_event_handle  ofo_uart.o
    0x0001d6e0   0x000000c0   Code   RO         3228    i.uart_event_handler  app_uart_fifo.o
    0x0001d7a0   0x00000078   Code   RO          468    i.uart_init         ofo_uart.o
    0x0001d818   0x00000012   Code   RO         1340    i.uint16_encode     ble_advdata.o
    0x0001d82a   0x00000008   Code   RO         2446    i.update_operation_execute  pstorage.o
    0x0001d832   0x00000002   PAD
    0x0001d834   0x0000009c   Code   RO         1520    i.update_timeout_handler  ble_conn_params.o
    0x0001d8d0   0x00000022   Code   RO         2978    i.user_id_get       app_timer.o
    0x0001d8f2   0x0000002e   Code   RO         2979    i.user_op_alloc     app_timer.o
    0x0001d920   0x00000004   Code   RO         2980    i.user_op_enque     app_timer.o
    0x0001d924   0x00000044   Code   RO         1341    i.uuid_list_encode  ble_advdata.o
    0x0001d968   0x000000d8   Code   RO         1342    i.uuid_list_sized_encode  ble_advdata.o
    0x0001da40   0x00000002   Code   RO          422    i.wdt_event_handler  ofo_wdt.o
    0x0001da42   0x00000002   PAD
    0x0001da44   0x00000060   Code   RO          423    i.wdt_init          ofo_wdt.o
    0x0001daa4   0x00000016   Code   RO         1444    i.whitelist_has_entries  ble_advertising.o
    0x0001daba   0x00000000   Code   RO         3436    x$fpl$usenofp       fz_ps.l(usenofp.o)
    0x0001daba   0x00000002   PAD
    0x0001dabc   0x0000000f   Data   RO          318    .constdata          ofo_led.o
    0x0001dacb   0x00000001   PAD
    0x0001dacc   0x00000008   Data   RO          381    .constdata          ofo_adc.o
    0x0001dad4   0x0000000c   Data   RO          471    .constdata          ofo_uart.o
    0x0001dae0   0x00000010   Data   RO          594    .constdata          ofo_buzz.o
    0x0001daf0   0x0000000c   Data   RO          717    .constdata          ofo_lock.o
    0x0001dafc   0x00000018   Data   RO         1173    .constdata          ofo_key_unlock.o
    0x0001db14   0x00000004   Data   RO         1522    .constdata          ble_conn_params.o
    0x0001db18   0x00000010   Data   RO         1603    .constdata          ble_nus.o
    0x0001db28   0x00000020   Data   RO         2155    .constdata          nrf_drv_uart.o
    0x0001db48   0x0000000c   Data   RO         2322    .constdata          nrf_drv_wdt.o
    0x0001db54   0x00000028   Data   RO         2448    .constdata          pstorage.o
    0x0001db7c   0x00000020   Data   RO         3230    .constdata          app_uart_fifo.o
    0x0001db9c   0x00000028   Data   RO         3360    .constdata          c_p.l(_printf_hex_int.o)
    0x0001dbc4   0x00000020   Data   RO         3604    Region$$Table       anon$$obj.o


    Execution Region RW_IRAM1 (Base: 0x20002000, Size: 0x00001978, Max: 0x00006000, ABSOLUTE)

    Base Addr    Size         Type   Attr      Idx    E Section Name        Object

    0x20002000   0x0000000c   Data   RW           26    .data               main.o
    0x2000200c   0x00000008   Data   RW          319    .data               ofo_led.o
    0x20002014   0x00000004   Data   RW          382    .data               ofo_adc.o
    0x20002018   0x00000001   Data   RW          424    .data               ofo_wdt.o
    0x20002019   0x00000002   Data   RW          472    .data               ofo_uart.o
    0x2000201b   0x00000001   PAD
    0x2000201c   0x00000014   Data   RW          517    .data               ofo_flash.o
    0x20002030   0x00000004   Data   RW          595    .data               ofo_buzz.o
    0x20002034   0x00000008   Data   RW          718    .data               ofo_lock.o
    0x2000203c   0x0000001c   Data   RW         1174    .data               ofo_key_unlock.o
    0x20002058   0x00000003   Data   RW         1225    .data               ofo_factory_test.o
    0x2000205b   0x00000001   PAD
    0x2000205c   0x00000004   Data   RW         1288    .data               system_nrf51.o
    0x20002060   0x00000020   Data   RW         1446    .data               ble_advertising.o
    0x20002080   0x00000015   Data   RW         1523    .data               ble_conn_params.o
    0x20002095   0x00000003   PAD
    0x20002098   0x0000000c   Data   RW         2323    .data               nrf_drv_wdt.o
    0x200020a4   0x00000028   Data   RW         2449    .data               pstorage.o
    0x200020cc   0x00000022   Data   RW         2981    .data               app_timer.o
    0x200020ee   0x00000002   PAD
    0x200020f0   0x00000008   Data   RW         3191    .data               retarget.o
    0x200020f8   0x00000007   Data   RW         3231    .data               app_uart_fifo.o
    0x200020ff   0x00000001   PAD
    0x20002100   0x00000018   Data   RW         3297    .data               softdevice_handler.o
    0x20002118   0x000002bc   Zero   RW           25    .bss                main.o
    0x200023d4   0x00000020   Zero   RW          317    .bss                ofo_led.o
    0x200023f4   0x00000214   Zero   RW          470    .bss                ofo_uart.o
    0x20002608   0x00000020   Zero   RW          593    .bss                ofo_buzz.o
    0x20002628   0x00000020   Zero   RW          716    .bss                ofo_lock.o
    0x20002648   0x00000020   Zero   RW         1172    .bss                ofo_key_unlock.o
    0x20002668   0x00000103   Zero   RW         1445    .bss                ble_advertising.o
    0x2000276b   0x00000001   PAD
    0x2000276c   0x0000003c   Zero   RW         1521    .bss                ble_conn_params.o
    0x200027a8   0x00000048   Zero   RW         1812    .bss                nrf_drv_gpiote.o
    0x200027f0   0x00000018   Zero   RW         2024    .bss                nrf_drv_spi.o
    0x20002808   0x00000018   Zero   RW         2154    .bss                nrf_drv_uart.o
    0x20002820   0x000000d8   Zero   RW         2447    .bss                pstorage.o
    0x200028f8   0x00000020   Zero   RW         3229    .bss                app_uart_fifo.o
    0x20002918   0x00000060   Zero   RW         3478    .bss                c_p.l(libspace.o)
    0x20002978   0x00000800   Zero   RW         1276    HEAP                arm_startup_nrf51.o
    0x20003178   0x00000800   Zero   RW         1275    STACK               arm_startup_nrf51.o


==============================================================================

Image component sizes


      Code (inc. data)   RO Data    RW Data    ZI Data      Debug   Object Name

        56          8          0          0          0       7368   app_error.o
       166          0          0          0          0       4503   app_fifo.o
      2476        282          0         34          0      29219   app_timer.o
       552         74         32          7         32       9628   app_uart_fifo.o
        84         36        192          0       4096        632   arm_startup_nrf51.o
      2102          4          0          0          0      19416   ble_advdata.o
      1396        130          0         32        259       5896   ble_advertising.o
       766        126          4         21         60      15024   ble_conn_params.o
       814          4         16          0          0       5060   ble_nus.o
      1342         96          0         12        700      90340   main.o
       120         10          0          0          0       3292   nrf_adc.o
        58          4          0          0          0       1259   nrf_delay.o
       176         18          0          0          0       8556   nrf_drv_common.o
      1466        114          0          0         72      20454   nrf_drv_gpiote.o
       224         14          0          0         24      18295   nrf_drv_spi.o
      1688        116         32          0         24      22994   nrf_drv_uart.o
       412         48         12         12          0      14368   nrf_drv_wdt.o
       300         48          8          4          0      10815   ofo_adc.o
       420         82         16          4         32       4989   ofo_buzz.o
         0          0          0          3          0        289   ofo_factory_test.o
       142         24          0         20          0       2496   ofo_flash.o
       876         74         24         28         32       8968   ofo_key_unlock.o
       420         76         15          8         32       7152   ofo_led.o
       572        108         12          8         32      11364   ofo_lock.o
       296         28         12          2        532       2021   ofo_uart.o
        98         12          0          1          0       5630   ofo_wdt.o
      3014        382         40         40        216      30982   pstorage.o
        16          0          0          8          0       2378   retarget.o
       414         58          0         24          0       5088   softdevice_handler.o
       220         26          0          4          0       1655   system_nrf51.o

    ----------------------------------------------------------------------
     20738       2002        448        280       6144     370131   Object Totals
         0          0         32          0          0          0   (incl. Generated)
        52          0          1          8          1          0   (incl. Padding)

    ----------------------------------------------------------------------

      Code (inc. data)   RO Data    RW Data    ZI Data      Debug   Library Member Name

         8          0          0          0          0         68   __main.o
       108          0          0          0          0         76   __printf.o
         0          0          0          0          0          0   __rtentry.o
        12          0          0          0          0          0   __rtentry2.o
         6          0          0          0          0          0   __rtentry4.o
        60          8          0          0          0          0   __scatter.o
        26          0          0          0          0          0   __scatter_copy.o
        28          0          0          0          0          0   __scatter_zi.o
        48          6          0          0          0         88   _printf_char_common.o
        40          6          0          0          0         72   _printf_char_file.o
        88          4         40          0          0         72   _printf_hex_int.o
       176          0          0          0          0         84   _printf_intcommon.o
         2          0          0          0          0          0   _printf_percent.o
         4          0          0          0          0          0   _printf_percent_end.o
        10          0          0          0          0          0   _printf_x.o
       346          0          0          0          0         92   aeabi_sdiv.o
        12          0          0          0          0         64   exit.o
         8          0          0          0          0         60   ferror.o
         6          0          0          0          0        136   heapauxi.o
         0          0          0          0          0          0   indicate_semi.o
         2          0          0          0          0          0   libinit.o
         2          0          0          0          0          0   libinit2.o
         2          0          0          0          0          0   libshutdown.o
         2          0          0          0          0          0   libshutdown2.o
         8          4          0          0         96         68   libspace.o
        28          6          0          0          0         84   noretval__2printf.o
        64          0          0          0          0        108   rt_memclr.o
       186          0          0          0          0        144   rt_memcpy.o
         2          0          0          0          0          0   rtexit.o
        10          0          0          0          0          0   rtexit2.o
       136          4          0          0          0         72   strcmp.o
        12          4          0          0          0         60   sys_exit.o
        62          0          0          0          0         80   sys_stackheap_outer.o
         2          0          0          0          0         68   use_no_semi.o
       108         10          0          0          0         72   dfixi.o
        88          0          0          0          0         92   dflti.o
       584         26          0          0          0         84   dmul.o
         0          0          0          0          0          0   usenofp.o

    ----------------------------------------------------------------------
      2298         78         40          0         96       1744   Library Totals
        12          0          0          0          0          0   (incl. Padding)

    ----------------------------------------------------------------------

      Code (inc. data)   RO Data    RW Data    ZI Data      Debug   Library Name

      1506         42         40          0         96       1496   c_p.l
       780         36          0          0          0        248   fz_ps.l

    ----------------------------------------------------------------------
      2298         78         40          0         96       1744   Library Totals

    ----------------------------------------------------------------------

==============================================================================


      Code (inc. data)   RO Data    RW Data    ZI Data      Debug   

     23036       2080        488        280       6240     359299   Grand Totals
     23036       2080        488        280       6240     359299   ELF Image Totals
     23036       2080        488        280          0          0   ROM Totals

==============================================================================

    Total RO  Size (Code + RO Data)                23524 (  22.97kB)
    Total RW  Size (RW Data + ZI Data)              6520 (   6.37kB)
    Total ROM Size (Code + RO Data + RW Data)      23804 (  23.25kB)

==============================================================================

